[    0.000000] Initializing cgroup subsys cpuset
[    0.000000] Initializing cgroup subsys cpu
[    0.000000] Initializing cgroup subsys cpuacct
[    0.000000] Linux version 4.4.0-210-generic (buildd@lgw01-amd64-009) (gcc version 5.4.0 20160609 (Ubuntu 5.4.0-6ubuntu1~16.04.12) ) #242-Ubuntu SMP Fri Apr 16 09:57:56 UTC 2021 (Ubuntu 4.4.0-210.242-generic 4.4.262)
[    0.000000] Command line: BOOT_IMAGE=/boot/vmlinuz-4.4.0-210-generic root=LABEL=cloudimg-rootfs ro console=tty1 console=ttyS0
[    0.000000] KERNEL supported cpus:
[    0.000000]   Intel GenuineIntel
[    0.000000]   AMD AuthenticAMD
[    0.000000]   Centaur CentaurHauls
[    0.000000] x86/fpu: Legacy x87 FPU detected.
[    0.000000] e820: BIOS-provided physical RAM map:
[    0.000000] BIOS-e820: [mem 0x0000000000000000-0x000000000009fbff] usable
[    0.000000] BIOS-e820: [mem 0x000000000009fc00-0x000000000009ffff] reserved
[    0.000000] BIOS-e820: [mem 0x00000000000f0000-0x00000000000fffff] reserved
[    0.000000] BIOS-e820: [mem 0x0000000000100000-0x000000003ffeffff] usable
[    0.000000] BIOS-e820: [mem 0x000000003fff0000-0x000000003fffffff] ACPI data
[    0.000000] BIOS-e820: [mem 0x00000000fec00000-0x00000000fec00fff] reserved
[    0.000000] BIOS-e820: [mem 0x00000000fee00000-0x00000000fee00fff] reserved
[    0.000000] BIOS-e820: [mem 0x00000000fffc0000-0x00000000ffffffff] reserved
[    0.000000] NX (Execute Disable) protection: active
[    0.000000] SMBIOS 2.5 present.
[    0.000000] Hypervisor detected: KVM
[    0.000000] Kernel/User page tables isolation: disabled
[    0.000000] e820: last_pfn = 0x3fff0 max_arch_pfn = 0x400000000
[    0.000000] MTRR: Disabled
[    0.000000] x86/PAT: MTRRs disabled, skipping PAT initialization too.
[    0.000000] CPU MTRRs all blank - virtualized system.
[    0.000000] x86/PAT: Configuration [0-7]: WB  WT  UC- UC  WB  WT  UC- UC  
[    0.000000] found SMP MP-table at [mem 0x0009fff0-0x0009ffff] mapped at [ffff88000009fff0]
[    0.000000] Scanning 1 areas for low memory corruption
[    0.000000] RAMDISK: [mem 0x362dc000-0x37165fff]
[    0.000000] ACPI: Early table checksum verification disabled
[    0.000000] ACPI: RSDP 0x00000000000E0000 000024 (v02 VBOX  )
[    0.000000] ACPI: XSDT 0x000000003FFF0030 00003C (v01 VBOX   VBOXXSDT 00000001 ASL  00000061)
[    0.000000] ACPI: FACP 0x000000003FFF00F0 0000F4 (v04 VBOX   VBOXFACP 00000001 ASL  00000061)
[    0.000000] ACPI: DSDT 0x000000003FFF0610 002353 (v02 VBOX   VBOXBIOS 00000002 INTL 20100528)
[    0.000000] ACPI: FACS 0x000000003FFF0200 000040
[    0.000000] ACPI: FACS 0x000000003FFF0200 000040
[    0.000000] ACPI: APIC 0x000000003FFF0240 000054 (v02 VBOX   VBOXAPIC 00000001 ASL  00000061)
[    0.000000] ACPI: SSDT 0x000000003FFF02A0 00036C (v01 VBOX   VBOXCPUT 00000002 INTL 20100528)
[    0.000000] No NUMA configuration found
[    0.000000] Faking a node at [mem 0x0000000000000000-0x000000003ffeffff]
[    0.000000] NODE_DATA(0) allocated [mem 0x3ffeb000-0x3ffeffff]
[    0.000000] kvm-clock: Using msrs 4b564d01 and 4b564d00
[    0.000000] kvm-clock: cpu 0, msr 0:3ffe3001, primary cpu clock
[    0.000000] kvm-clock: using sched offset of 5727202572 cycles
[    0.000000] clocksource: kvm-clock: mask: 0xffffffffffffffff max_cycles: 0x1cd42e4dffb, max_idle_ns: 881590591483 ns
[    0.000000] Zone ranges:
[    0.000000]   DMA      [mem 0x0000000000001000-0x0000000000ffffff]
[    0.000000]   DMA32    [mem 0x0000000001000000-0x000000003ffeffff]
[    0.000000]   Normal   empty
[    0.000000]   Device   empty
[    0.000000] Movable zone start for each node
[    0.000000] Early memory node ranges
[    0.000000]   node   0: [mem 0x0000000000001000-0x000000000009efff]
[    0.000000]   node   0: [mem 0x0000000000100000-0x000000003ffeffff]
[    0.000000] Initmem setup node 0 [mem 0x0000000000001000-0x000000003ffeffff]
[    0.000000] ACPI: PM-Timer IO Port: 0x4008
[    0.000000] IOAPIC[0]: apic_id 1, version 32, address 0xfec00000, GSI 0-23
[    0.000000] ACPI: INT_SRC_OVR (bus 0 bus_irq 0 global_irq 2 dfl dfl)
[    0.000000] ACPI: INT_SRC_OVR (bus 0 bus_irq 9 global_irq 9 low level)
[    0.000000] Using ACPI (MADT) for SMP configuration information
[    0.000000] smpboot: Allowing 1 CPUs, 0 hotplug CPUs
[    0.000000] PM: Registered nosave memory: [mem 0x00000000-0x00000fff]
[    0.000000] PM: Registered nosave memory: [mem 0x0009f000-0x0009ffff]
[    0.000000] PM: Registered nosave memory: [mem 0x000a0000-0x000effff]
[    0.000000] PM: Registered nosave memory: [mem 0x000f0000-0x000fffff]
[    0.000000] e820: [mem 0x40000000-0xfebfffff] available for PCI devices
[    0.000000] Booting paravirtualized kernel on KVM
[    0.000000] clocksource: refined-jiffies: mask: 0xffffffff max_cycles: 0xffffffff, max_idle_ns: 7645519600211568 ns
[    0.000000] setup_percpu: NR_CPUS:512 nr_cpumask_bits:512 nr_cpu_ids:1 nr_node_ids:1
[    0.000000] PERCPU: Embedded 33 pages/cpu @ffff88003fc00000 s95192 r8192 d31784 u2097152
[    0.000000] Built 1 zonelists in Node order, mobility grouping on.  Total pages: 257912
[    0.000000] Policy zone: DMA32
[    0.000000] Kernel command line: BOOT_IMAGE=/boot/vmlinuz-4.4.0-210-generic root=LABEL=cloudimg-rootfs ro console=tty1 console=ttyS0
[    0.000000] PID hash table entries: 4096 (order: 3, 32768 bytes)
[    0.000000] Memory: 997924K/1048120K available (8644K kernel code, 1332K rwdata, 4044K rodata, 1492K init, 1164K bss, 50196K reserved, 0K cma-reserved)
[    0.000000] SLUB: HWalign=64, Order=0-3, MinObjects=0, CPUs=1, Nodes=1
[    0.000000] Hierarchical RCU implementation.
[    0.000000] 	Build-time adjustment of leaf fanout to 64.
[    0.000000] 	RCU restricting CPUs from NR_CPUS=512 to nr_cpu_ids=1.
[    0.000000] RCU: Adjusting geometry for rcu_fanout_leaf=64, nr_cpu_ids=1
[    0.000000] NR_IRQS:33024 nr_irqs:256 16
[    0.000000] Console: colour VGA+ 80x25
[    0.000000] console [tty1] enabled
[    0.000000] console [ttyS0] enabled
[    0.000000] tsc: Detected 1094.400 MHz processor
[    1.923270] Calibrating delay loop (skipped) preset value.. 2188.80 BogoMIPS (lpj=4377600)
[    2.070847] pid_max: default: 32768 minimum: 301
[    2.094884] ACPI: Core revision 20150930
[    2.118974] ACPI: 2 ACPI AML tables successfully acquired and loaded
[    2.148677] Security Framework initialized
[    2.165408] Yama: becoming mindful.
[    2.179725] AppArmor: AppArmor initialized
[    2.196417] Dentry cache hash table entries: 131072 (order: 8, 1048576 bytes)
[    2.233488] Inode-cache hash table entries: 65536 (order: 7, 524288 bytes)
[    2.262092] Mount-cache hash table entries: 2048 (order: 2, 16384 bytes)
[    2.284252] Mountpoint-cache hash table entries: 2048 (order: 2, 16384 bytes)
[    2.311131] Initializing cgroup subsys io
[    2.325311] Initializing cgroup subsys memory
[    2.342097] Initializing cgroup subsys devices
[    2.355960] Initializing cgroup subsys freezer
[    2.372271] Initializing cgroup subsys net_cls
[    2.387612] Initializing cgroup subsys perf_event
[    2.402466] Initializing cgroup subsys net_prio
[    2.416719] Initializing cgroup subsys hugetlb
[    2.425832] Initializing cgroup subsys pids
[    2.449288] mce: CPU supports 0 MCE banks
[    2.464516] Last level iTLB entries: 4KB 0, 2MB 0, 4MB 0
[    2.477186] Last level dTLB entries: 4KB 0, 2MB 0, 4MB 0, 1GB 0
[    2.491409] Spectre V1 : Mitigation: usercopy/swapgs barriers and __user pointer sanitization
[    2.521377] Spectre V2 : Mitigation: Enhanced IBRS
[    2.534408] Spectre V2 : Spectre v2 / SpectreRSB mitigation: Filling RSB on context switch
[    2.559996] Speculative Store Bypass: Vulnerable
[    3.165808] Freeing SMP alternatives memory: 36K
[    3.488750] ftrace: allocating 32380 entries in 127 pages
[    5.265636] smpboot: APIC(0) Converting physical 0 to logical package 0
[    5.286940] smpboot: Max logical packages: 1
[    5.333826] ..TIMER: vector=0x30 apic1=0 pin1=2 apic2=-1 pin2=-1
[    5.456128] APIC calibration not consistent with PM-Timer: 98ms instead of 100ms
[    5.476965] APIC delta adjusted to PM-Timer: 6258994 (6184174)
[    5.492666] smpboot: CPU0: Intel(R) Celeron(R) N4120 CPU @ 1.10GHz (family: 0x6, model: 0x7a, stepping: 0x8)
[    5.521823] Performance Events: unsupported p6 CPU model 122 no PMU driver, software events only.
[    5.859518] KVM setup paravirtual spinlock
[    5.871935] x86: Booted up 1 node, 1 CPUs
[    5.879975] smpboot: Total of 1 processors activated (2188.80 BogoMIPS)
[    5.898360] devtmpfs: initialized
[    5.910638] evm: security.selinux
[    5.917953] evm: security.SMACK64
[    5.925523] evm: security.SMACK64EXEC
[    5.933660] evm: security.SMACK64TRANSMUTE
[    5.942796] evm: security.SMACK64MMAP
[    5.950958] evm: security.ima
[    5.957499] evm: security.capability
[    5.966556] clocksource: jiffies: mask: 0xffffffff max_cycles: 0xffffffff, max_idle_ns: 7645041785100000 ns
[    5.986156] futex hash table entries: 256 (order: 2, 16384 bytes)
[    6.002153] pinctrl core: initialized pinctrl subsystem
[    6.015704] RTC time: 21:18:20, date: 11/09/25
[    6.026082] NET: Registered protocol family 16
[    6.036786] cpuidle: using governor ladder
[    6.045960] cpuidle: using governor menu
[    6.054984] PCCT header not found.
[    6.063246] ACPI: bus type PCI registered
[    6.072528] acpiphp: ACPI Hot Plug PCI Controller Driver version: 0.5
[    6.087167] PCI: Using configuration type 1 for base access
[    6.106664] ACPI: Added _OSI(Module Device)
[    6.116759] ACPI: Added _OSI(Processor Device)
[    6.126194] ACPI: Added _OSI(3.0 _SCP Extensions)
[    6.136998] ACPI: Added _OSI(Processor Aggregator Device)
[    6.151821] ACPI: Executed 1 blocks of module-level executable AML code
[    6.175476] ACPI: Interpreter enabled
[    6.184412] ACPI: (supports S0 S5)
[    6.191808] ACPI: Using IOAPIC for interrupt routing
[    6.203596] PCI: Using host bridge windows from ACPI; if necessary, use "pci=nocrs" and report a bug
[    6.240052] ACPI: PCI Root Bridge [PCI0] (domain 0000 [bus 00-ff])
[    6.253174] acpi PNP0A03:00: _OSC: OS supports [ASPM ClockPM Segments MSI]
[    6.269652] acpi PNP0A03:00: _OSC: not requesting OS control; OS requires [ExtendedConfig ASPM ClockPM MSI]
[    6.290805] acpi PNP0A03:00: fail to add MMCONFIG information, can't access extended PCI configuration space under this bridge.
[    6.316016] PCI host bridge to bus 0000:00
[    6.326360] pci_bus 0000:00: root bus resource [io  0x0000-0x0cf7 window]
[    6.341538] pci_bus 0000:00: root bus resource [io  0x0d00-0xffff window]
[    6.356190] pci_bus 0000:00: root bus resource [mem 0x000a0000-0x000bffff window]
[    6.372638] pci_bus 0000:00: root bus resource [mem 0x40000000-0xfdffffff window]
[    6.388767] pci_bus 0000:00: root bus resource [bus 00-ff]
[    6.413661] pci 0000:00:01.1: legacy IDE quirk: reg 0x10: [io  0x01f0-0x01f7]
[    6.428953] pci 0000:00:01.1: legacy IDE quirk: reg 0x14: [io  0x03f6]
[    6.442495] pci 0000:00:01.1: legacy IDE quirk: reg 0x18: [io  0x0170-0x0177]
[    6.458098] pci 0000:00:01.1: legacy IDE quirk: reg 0x1c: [io  0x0376]
[    6.517928] pci 0000:00:07.0: quirk: [io  0x4000-0x403f] claimed by PIIX4 ACPI
[    6.532313] pci 0000:00:07.0: quirk: [io  0x4100-0x410f] claimed by PIIX4 SMB
[    6.568787] ACPI: PCI Interrupt Link [LNKA] (IRQs 5 9 10 *11)
[    6.585647] ACPI: PCI Interrupt Link [LNKB] (IRQs 5 9 *10 11)
[    6.601253] ACPI: PCI Interrupt Link [LNKC] (IRQs 5 *9 10 11)
[    6.617528] ACPI: PCI Interrupt Link [LNKD] (IRQs 5 9 10 *11)
[    6.635055] ACPI: Enabled 2 GPEs in block 00 to 07
[    6.713388] vgaarb: setting as boot device: PCI:0000:00:02.0
[    6.730410] vgaarb: device added: PCI:0000:00:02.0,decodes=io+mem,owns=io+mem,locks=none
[    6.753894] vgaarb: loaded
[    6.763489] vgaarb: bridge control possible 0000:00:02.0
[    6.779930] SCSI subsystem initialized
[    6.791687] ACPI: bus type USB registered
[    6.804084] usbcore: registered new interface driver usbfs
[    6.818455] usbcore: registered new interface driver hub
[    6.832678] usbcore: registered new device driver usb
[    6.846691] PCI: Using ACPI for IRQ routing
[    6.859360] NetLabel: Initializing
[    6.868253] NetLabel:  domain hash size = 128
[    6.879233] NetLabel:  protocols = UNLABELED CIPSOv4
[    6.891361] NetLabel:  unlabeled traffic allowed by default
[    6.904100] amd_nb: Cannot enumerate AMD northbridges
[    6.916240] clocksource: Switched to clocksource kvm-clock
[    7.005499] AppArmor: AppArmor Filesystem Enabled
[    7.016782] pnp: PnP ACPI init
[    7.027588] pnp: PnP ACPI: found 3 devices
[    7.048952] clocksource: acpi_pm: mask: 0xffffff max_cycles: 0xffffff, max_idle_ns: 2085701024 ns
[    7.067434] NET: Registered protocol family 2
[    7.079167] TCP established hash table entries: 8192 (order: 4, 65536 bytes)
[    7.094606] TCP bind hash table entries: 8192 (order: 5, 131072 bytes)
[    7.110129] TCP: Hash tables configured (established 8192 bind 8192)
[    7.126286] UDP hash table entries: 512 (order: 2, 16384 bytes)
[    7.139904] UDP-Lite hash table entries: 512 (order: 2, 16384 bytes)
[    7.154357] NET: Registered protocol family 1
[    7.165008] pci 0000:00:00.0: Limiting direct PCI/PCI transfers
[    7.178382] pci 0000:00:01.0: Activating ISA DMA hang workarounds
[    7.192948] Unpacking initramfs...
[    8.101899] Freeing initrd memory: 14888K
[    8.112665] clocksource: tsc: mask: 0xffffffffffffffff max_cycles: 0xfc66f4fc7c, max_idle_ns: 440795224246 ns
[    8.136558] platform rtc_cmos: registered platform RTC device (no PNP device found)
[    8.154124] Scanning for low memory corruption every 60 seconds
[    8.169282] audit: initializing netlink subsys (disabled)
[    8.183205] audit: type=2000 audit(1762723105.752:1): initialized
[    8.204099] Initialise system trusted keyring
[    8.242779] HugeTLB registered 2 MB page size, pre-allocated 0 pages
[    8.288601] zbud: loaded
[    8.302872] VFS: Disk quotas dquot_6.6.0
[    8.322627] VFS: Dquot-cache hash table entries: 512 (order 0, 4096 bytes)
[    8.360324] squashfs: version 4.0 (2009/01/31) Phillip Lougher
[    8.386401] fuse init (API version 7.23)
[    8.402299] Key type big_key registered
[    8.417806] Allocating IMA MOK and blacklist keyrings.
[    8.445129] Key type asymmetric registered
[    8.462899] Asymmetric key parser 'x509' registered
[    8.483982] Block layer SCSI generic (bsg) driver version 0.4 loaded (major 249)
[    8.512811] io scheduler noop registered
[    8.527363] io scheduler deadline registered (default)
[    8.547359] io scheduler cfq registered
[    8.563150] pci_hotplug: PCI Hot Plug PCI Core version: 0.5
[    8.583549] pciehp: PCI Express Hot Plug Controller Driver version: 0.4
[    8.608301] ACPI: AC Adapter [AC] (off-line)
[    8.625521] input: Power Button as /devices/LNXSYSTM:00/LNXPWRBN:00/input/input0
[    8.652207] ACPI: Power Button [PWRF]
[    8.668092] input: Sleep Button as /devices/LNXSYSTM:00/LNXSLPBN:00/input/input1
[    8.695424] ACPI: Sleep Button [SLPF]
[    8.717145] GHES: HEST is not enabled!
[    8.731615] ACPI: Battery Slot [BAT0] (battery present)
[    8.751867] Serial: 8250/16550 driver, 32 ports, IRQ sharing enabled
[    8.844741] 00:02: ttyS0 at I/O 0x3f8 (irq = 4, base_baud = 115200) is a 16550A
[    8.880118] Linux agpgart interface v0.103
[    8.917879] loop: module loaded
[    8.938506] scsi host0: ata_piix
[    8.953161] scsi host1: ata_piix
[    8.964695] ata1: PATA max UDMA/33 cmd 0x1f0 ctl 0x3f6 bmdma 0xd000 irq 14
[    8.985704] ata2: PATA max UDMA/33 cmd 0x170 ctl 0x376 bmdma 0xd008 irq 15
[    9.022599] libphy: Fixed MDIO Bus: probed
[    9.039356] tun: Universal TUN/TAP device driver, 1.6
[    9.060278] tun: (C) 1999-2004 Max Krasnyansky <maxk@qualcomm.com>
[    9.084885] PPP generic driver version 2.4.2
[    9.101914] ehci_hcd: USB 2.0 'Enhanced' Host Controller (EHCI) Driver
[    9.126740] ehci-pci: EHCI PCI platform driver
[    9.145262] ehci-platform: EHCI generic platform driver
[    9.166022] ohci_hcd: USB 1.1 'Open' Host Controller (OHCI) Driver
[    9.349627] ohci-pci: OHCI PCI platform driver
[    9.364152] ohci-platform: OHCI generic platform driver
[    9.379979] uhci_hcd: USB Universal Host Controller Interface driver
[    9.399478] i8042: PNP: PS/2 Controller [PNP0303:PS2K,PNP0f03:PS2M] at 0x60,0x64 irq 1,12
[    9.433800] serio: i8042 KBD port at 0x60,0x64 irq 1
[    9.449169] serio: i8042 AUX port at 0x60,0x64 irq 12
[    9.463141] mousedev: PS/2 mouse device common for all mice
[    9.485814] input: AT Translated Set 2 keyboard as /devices/platform/i8042/serio0/input/input2
[    9.514082] rtc_cmos rtc_cmos: rtc core: registered rtc_cmos as rtc0
[    9.537784] rtc_cmos rtc_cmos: alarms up to one day, 114 bytes nvram
[    9.557772] i2c /dev entries driver
[    9.569634] device-mapper: uevent: version 1.0.3
[    9.585203] device-mapper: ioctl: 4.34.0-ioctl (2015-10-28) initialised: dm-devel@redhat.com
[    9.611001] ledtrig-cpu: registered to indicate activity on CPUs
[    9.631068] NET: Registered protocol family 10
[    9.647370] NET: Registered protocol family 17
[    9.661242] Key type dns_resolver registered
[    9.681466] registered taskstats version 1
[    9.696113] Loading compiled-in X.509 certificates
[    9.714313] Loaded X.509 cert 'Build time autogenerated kernel key: cf00e047681d67edb2720680708b7d9498083038'
[    9.745306] zswap: loaded using pool lzo/zbud
[    9.775077] Key type trusted registered
[    9.808955] Key type encrypted registered
[    9.821714] AppArmor: AppArmor sha1 policy hashing enabled
[    9.838027] ima: No TPM chip found, activating TPM-bypass!
[    9.854277] ima: Allocated hash algorithm: sha1
[    9.866700] evm: HMAC attrs: 0x1
[    9.879301]   Magic number: 1:208:348
[    9.890625] rtc_cmos rtc_cmos: setting system clock to 2025-11-09 21:18:24 UTC (1762723104)
[    9.913957] BIOS EDD facility v0.16 2004-Jun-25, 0 devices found
[    9.935916] EDD information not available.
[    9.966386] Freeing unused kernel memory: 1492K
[    9.985720] Write protecting the kernel read-only data: 14336k
[   10.010708] Freeing unused kernel memory: 1584K
[   10.026606] Freeing unused kernel memory: 52K
Loading, please wait...
starting version 229
[   10.139216] random: systemd-udevd: uninitialized urandom read (16 bytes read, 10 bits of entropy available)
[   10.184228] random: udevadm: uninitialized urandom read (16 bytes read, 10 bits of entropy available)
[   10.218906] random: systemd-udevd: uninitialized urandom read (16 bytes read, 10 bits of entropy available)
[   10.257054] random: udevadm: uninitialized urandom read (16 bytes read, 10 bits of entropy available)
[   10.311248] random: systemd-udevd: uninitialized urandom read (16 bytes read, 10 bits of entropy available)
[   10.389848] random: systemd-udevd: uninitialized urandom read (16 bytes read, 10 bits of entropy available)
[   10.467746] random: systemd-udevd: uninitialized urandom read (16 bytes read, 10 bits of entropy available)
[   10.506875] random: udevadm: uninitialized urandom read (16 bytes read, 10 bits of entropy available)
[   10.537194] random: udevadm: uninitialized urandom read (16 bytes read, 10 bits of entropy available)
[   10.564098] random: systemd-udevd: uninitialized urandom read (16 bytes read, 10 bits of entropy available)
[   10.931288] Fusion MPT base driver 3.04.20
[   10.940701] Copyright (c) 1999-2008 LSI Corporation
[   11.026040] e1000: Intel(R) PRO/1000 Network Driver - version 7.3.21-k8-NAPI
[   11.048276] e1000: Copyright (c) 1999-2006 Intel Corporation.
[   11.100859] SSE version of gcm_enc/dec engaged.
[   11.153109] Fusion MPT SPI Host driver 3.04.20
[   11.171158] mptbase: ioc0: Initiating bringup
[   11.262225] ioc0: LSI53C1030 A0: Capabilities={Initiator}
[   11.402480] input: ImExPS/2 Generic Explorer Mouse as /devices/platform/i8042/serio1/input/input4
[   11.480827] scsi host2: ioc0: LSI53C1030 A0, FwRev=00000000h, Ports=1, MaxQ=256, IRQ=20
[   11.614564] scsi 2:0:0:0: Direct-Access     VBOX     HARDDISK         1.0  PQ: 0 ANSI: 5
[   11.634284] scsi target2:0:0: Beginning Domain Validation
[   11.659253] scsi target2:0:0: Domain Validation skipping write tests
[   11.673770] scsi target2:0:0: Ending Domain Validation
[   11.700767] scsi target2:0:0: asynchronous
[   11.773296] scsi 2:0:1:0: Direct-Access     VBOX     HARDDISK         1.0  PQ: 0 ANSI: 5
[   11.802600] scsi target2:0:1: Beginning Domain Validation
[   11.971184] scsi target2:0:1: Domain Validation skipping write tests
[   11.983483] scsi target2:0:1: Ending Domain Validation
[   12.007728] scsi target2:0:1: asynchronous
[   12.301280] sd 2:0:0:0: Attached scsi generic sg0 type 0
[   12.312451] sd 2:0:0:0: [sda] 83886080 512-byte logical blocks: (42.9 GB/40.0 GiB)
[   12.332782] sd 2:0:1:0: [sdb] 20480 512-byte logical blocks: (10.5 MB/10.0 MiB)
[   12.350133] sd 2:0:1:0: Attached scsi generic sg1 type 0
[   12.378494] sd 2:0:0:0: [sda] Write Protect is off
[   12.391427] sd 2:0:1:0: [sdb] Write Protect is off
[   12.439126] sd 2:0:0:0: [sda] Incomplete mode parameter data
[   12.451795] sd 2:0:0:0: [sda] Assuming drive cache: write through
[   12.465692] sd 2:0:1:0: [sdb] Incomplete mode parameter data
[   12.477334] sd 2:0:1:0: [sdb] Assuming drive cache: write through
[   12.529208]  sda: sda1
[   12.559006] sd 2:0:0:0: [sda] Attached SCSI disk
[   12.571939] sd 2:0:1:0: [sdb] Attached SCSI disk
[   13.182250] e1000 0000:00:03.0 eth0: (PCI:33MHz:32-bit) 02:be:82:6b:cc:1d
[   13.195054] e1000 0000:00:03.0 eth0: Intel(R) PRO/1000 Network Connection
[   14.281065] e1000 0000:00:08.0 eth1: (PCI:33MHz:32-bit) 08:00:27:81:ea:85
[   14.295192] e1000 0000:00:08.0 eth1: Intel(R) PRO/1000 Network Connection
[   14.311505] e1000 0000:00:08.0 enp0s8: renamed from eth1
[   14.326938] e1000 0000:00:03.0 enp0s3: renamed from eth0
Begin: Loading essential drivers ... [   16.415172] md: linear personality registered for level -1
[   16.433838] md: multipath personality registered for level -4
[   16.453322] md: raid0 personality registered for level 0
[   16.487649] md: raid1 personality registered for level 1
[   16.578996] raid6: sse2x1   gen()  4362 MB/s
[   16.661418] raid6: sse2x1   xor()  3196 MB/s
[   16.756470] raid6: sse2x2   gen()  6269 MB/s
[   16.840505] raid6: sse2x2   xor()  3588 MB/s
[   16.924496] raid6: sse2x4   gen()  6361 MB/s
[   17.008377] raid6: sse2x4   xor()  2374 MB/s
[   17.017577] raid6: using algorithm sse2x4 gen() 6361 MB/s
[   17.028450] raid6: .... xor() 2374 MB/s, rmw enabled
[   17.037494] raid6: using ssse3x2 recovery algorithm
[   17.052747] xor: measuring software checksum speed
[   17.164588]    prefetch64-sse: 24419.000 MB/sec
[   17.279466]    generic_sse: 20676.000 MB/sec
[   17.290007] xor: using function: prefetch64-sse (24419.000 MB/sec)
[   17.306758] async_tx: api initialized (async)
[   17.441230] md: raid6 personality registered for level 6
[   17.455744] md: raid5 personality registered for level 5
[   17.472054] md: raid4 personality registered for level 4
[   17.538538] md: raid10 personality registered for level 10
done.
Begin: Running /scripts/init-premount ... done.
Begin: Mounting root file system ... Begin: Running /scripts/local-top ... done.
Begin: Running /scripts/local-premount ... [   17.805072] Btrfs loaded
Scanning for Btrfs filesystems
done.
Warning: fsck not present, so skipping root file system
[   17.952950] EXT4-fs (sda1): mounted filesystem with ordered data mode. Opts: (null)
done.
Begin: Running /scripts/local-bottom ... done.
Begin: Running /scripts/init-bottom ... done.
[   18.345733] systemd[1]: systemd 229 running in system mode. (+PAM +AUDIT +SELINUX +IMA +APPARMOR +SMACK +SYSVINIT +UTMP +LIBCRYPTSETUP +GCRYPT +GNUTLS +ACL +XZ -LZ4 +SECCOMP +BLKID +ELFUTILS +KMOD -IDN)
[   18.385016] systemd[1]: Detected virtualization oracle.
[   18.397842] systemd[1]: Detected architecture x86-64.

Welcome to [1mUbuntu 16.04.7 LTS[0m!

[   18.438115] systemd[1]: Set hostname to <ubuntu>.
[   18.466175] systemd[1]: Initializing machine ID from random generator.
[   18.480912] systemd[1]: Installed transient /etc/machine-id file.
[   18.577322] random: nonblocking pool is initialized
[   19.155228] systemd[1]: Listening on Journal Audit Socket.
[[0;32m  OK  [0m] Listening on Journal Audit Socket.
[   19.182240] systemd[1]: Listening on Syslog Socket.
[[0;32m  OK  [0m] Listening on Syslog Socket.
[   19.206305] systemd[1]: Reached target Swap.
[[0;32m  OK  [0m] Reached target Swap.
[   19.229300] systemd[1]: Reached target User and Group Name Lookups.
[[0;32m  OK  [0m] Reached target User and Group Name Lookups.
[   19.257770] systemd[1]: Listening on Journal Socket (/dev/log).
[[0;32m  OK  [0m] Listening on Journal Socket (/dev/log).
[   19.286795] systemd[1]: Set up automount Arbitrary Executable File Formats File System Automount Point.
[[0;32m  OK  [0m] Set up automount Arbitrary Executab...ats File System Automount Point.
[   19.325600] systemd[1]: Reached target Encrypted Volumes.
[[0;32m  OK  [0m] Reached target Encrypted Volumes.
[   19.351525] systemd[1]: Listening on /dev/initctl Compatibility Named Pipe.
[[0;32m  OK  [0m] Listening on /dev/initctl Compatibility Named Pipe.
[   19.382090] systemd[1]: Listening on LVM2 poll daemon socket.
[[0;32m  OK  [0m] Listening on LVM2 poll daemon socket.
[   19.410029] systemd[1]: Listening on udev Control Socket.
[[0;32m  OK  [0m] Listening on udev Control Socket.
[   19.436149] systemd[1]: Created slice System Slice.
[[0;32m  OK  [0m] Created slice System Slice.
[   19.459964] systemd[1]: Reached target System Time Synchronized.
[[0;32m  OK  [0m] Reached target System Time Synchronized.
[   19.489877] systemd[1]: Listening on Device-mapper event daemon FIFOs.
[[0;32m  OK  [0m] Listening on Device-mapper event daemon FIFOs.
[   19.519359] systemd[1]: Listening on fsck to fsckd communication Socket.
[[0;32m  OK  [0m] Listening on fsck to fsckd communication Socket.
[   19.550711] systemd[1]: Listening on udev Kernel Socket.
[[0;32m  OK  [0m] Listening on udev Kernel Socket.
[   19.578484] systemd[1]: Listening on LVM2 metadata daemon socket.
[[0;32m  OK  [0m] Listening on LVM2 metadata daemon socket.
[   19.606342] systemd[1]: Created slice system-serial\x2dgetty.slice.
[[0;32m  OK  [0m] Created slice system-serial\x2dgetty.slice.
[   19.634459] systemd[1]: Created slice User and Session Slice.
[[0;32m  OK  [0m] Created slice User and Session Slice.
[   19.660751] systemd[1]: Reached target Slices.
[[0;32m  OK  [0m] Reached target Slices.
[   19.682024] systemd[1]: Started Trigger resolvconf update for networkd DNS.
[[0;32m  OK  [0m] Started Trigger resolvconf update for networkd DNS.
[   19.721483] systemd[1]: Listening on Journal Socket.
[[0;32m  OK  [0m] Listening on Journal Socket.
[   19.753466] systemd[1]: Mounting Debug File System...
         Mounting Debug File System...
[   19.814247] systemd[1]: Mounting POSIX Message Queue File System...
         Mounting POSIX Message Queue File System...
[   19.864802] systemd[1]: Starting Nameserver information manager...
         Starting Nameserver information manager...
[   19.909034] systemd[1]: Starting Monitoring of LVM2 mirrors, snapshots etc. using dmeventd or progress polling...
         Starting Monitoring of LVM2 mirrors... dmeventd or progress polling...
[   19.990273] systemd[1]: Mounting Huge Pages File System...
         Mounting Huge Pages File System...
[   20.036023] systemd[1]: Starting Create list of required static device nodes for the current kernel...
         Starting Create list of required st... nodes for the current kernel...
[   20.083518] systemd[1]: Starting Uncomplicated firewall...
         Starting Uncomplicated firewall...
[   20.124755] systemd[1]: Starting Load Kernel Modules...
         Starting Load Kernel Modules...
[   20.167568] systemd[1]: Starting Set console keymap...
         Starting Set console keymap...
[   20.236460] systemd[1]: Starting Journal Service...
         Starting Journal Service...
[   20.277065] systemd[1]: Starting File System Check on Root Device...
[   20.293166] Loading iSCSI transport class v2.0-870.
         Starting File System Check on Root Device...
[   20.334751] systemd[1]: Started Forward Password Requests to Wall Directory Watch.
[[0;32m  OK  [0m] Started Forward Password Requests to Wall Directory Watch.
[   20.397090] systemd[1]: Mounted Huge Pages File System.
[[0;32m  OK  [0m] Mounted Huge Pages File System.
[   20.471715] systemd[1]: Mounted POSIX Message Queue File System.
[[0;32m  OK  [0m] Mounted POSIX Message Queue File System.
[   20.526885] systemd[1]: Mounted Debug File System.
[   20.546631] iscsi: registered transport (tcp)
[[0;32m  OK  [0m] Mounted Debug File System.
[   20.578123] systemd[1]: Started Journal Service.
[[0;32m  OK  [0m] Started Journal Service.
[[0;32m  OK  [0m] Started Create list of required sta...ce nodes for the current kernel.
[[0;32m  OK  [0m] Started Uncomplicated firewall.
[[0;32m  OK  [0m] Started File System Check on Root Device.
[[0;32m  OK  [0m] Started Nameserver information manager.
[[0;32m  OK  [0m] Started LVM2 metadata daemon.
[[0;32m  OK  [0m] Started File System Check Daemon to report status.
         Starting Remount Root and Kernel File Systems...
         Starting Create Static Device Nodes in /dev...
[[0;32m  OK  [0m] Started Set console keymap.
[   21.031158] EXT4-fs (sda1): re-mounted. Opts: (null)
[[0;32m  OK  [0m] Started Monitoring of LVM2 mirrors,...ng dmeventd or progress polling.
[[0;32m  OK  [0m] Started Remount Root and Kernel File Systems.
[[0;32m  OK  [0m] Started Create Static Device Nodes in /dev.
         Starting udev Kernel Device Manager...
[[0;32m  OK  [0m] Reached target Local File Systems (Pre).
[[0;32m  OK  [0m] Reached target Local File Systems.
         Starting Tell Plymouth To Write Out Runtime Data...
         Starting LSB: AppArmor initialization...
         Starting Initial cloud-init job (pre-networking)...
         Starting Set console font and keymap...
[   21.486077] iscsi: registered transport (iser)
         Starting Commit a transient machine-id on disk...
         Starting Load/Save Random Seed...
         Starting Flush Journal to Persistent Storage...
         Starting udev Coldplug all Devices...
[[0;32m  OK  [0m] Started Tell Plymouth To Write Out Runtime Data.
[[0;32m  OK  [0m] Started Commit a transient machine-id on disk.
[[0;32m  OK  [0m] Started Load/Save Random Seed.
[[0;32m  OK  [0m] Started Load Kernel Modules.
[[0;32m  OK  [0m] Started udev Kernel Device Manager.
[   21.816431] systemd-journald[398]: Received request to flush runtime journal from PID 1
         Mounting FUSE Control File System...
         Starting Apply Kernel Variables...
[[0;32m  OK  [0m] Mounted FUSE Control File System.
[[0;32m  OK  [0m] Started Apply Kernel Variables.
[[0;32m  OK  [0m] Started Flush Journal to Persistent Storage.
         Starting Create Volatile Files and Directories...
[[0;32m  OK  [0m] Started Create Volatile Files and Directories.
         Starting Update UTMP about System Boot/Shutdown...
[[0;32m  OK  [0m] Started Update UTMP about System Boot/Shutdown.
[[0;32m  OK  [0m] Started udev Coldplug all Devices.
[[0;32m  OK  [0m] Started Dispatch Password Requests to Console Directory Watch.
[[0;32m  OK  [0m] Found device /dev/ttyS0.
[[0;32m  OK  [0m] Listening on Load/Save RF Kill Switch Status /dev/rfkill Watch.
[   25.830801] cloud-init[463]: Cloud-init v. 21.1-19-gbad84ad4-0ubuntu1~16.04.2 running 'init-local' at Sun, 09 Nov 2025 21:18:43 +0000. Up 23.80 seconds.
[[0;32m  OK  [0m] Started LSB: AppArmor initialization.
         Starting Load AppArmor profiles managed internally by snapd...
[[0;32m  OK  [0m] Started Initial cloud-init job (pre-networking).
[[0;32m  OK  [0m] Started Set console font and keymap.
[[0;32m  OK  [0m] Started Load AppArmor profiles managed internally by snapd.
[[0;32m  OK  [0m] Created slice system-getty.slice.
[[0;32m  OK  [0m] Reached target Network (Pre).
         Starting Raise network interfaces...
[[0;32m  OK  [0m] Started Raise network interfaces.
         Starting Initial cloud-init job (metadata service crawler)...
[[0;32m  OK  [0m] Reached target Network.
[   30.826173] cloud-init[972]: Cloud-init v. 21.1-19-gbad84ad4-0ubuntu1~16.04.2 running 'init' at Sun, 09 Nov 2025 21:18:48 +0000. Up 29.22 seconds.
[   30.865167] cloud-init[972]: ci-info: ++++++++++++++++++++++++++++++++++++++Net device info+++++++++++++++++++++++++++++++++++++++
[   30.903745] cloud-init[972]: ci-info: +--------+-------+----------------------------+---------------+--------+-------------------+
[   30.944531] cloud-init[972]: ci-info: | Device |   Up  |          Address           |      Mask     | Scope  |     Hw-Address    |
[   30.980506] cloud-init[972]: ci-info: +--------+-------+----------------------------+---------------+--------+-------------------+
[   31.021967] cloud-init[972]: ci-info: | enp0s3 |  True |         10.0.2.15          | 255.255.255.0 | global | 02:be:82:6b:cc:1d |
[   31.054348] cloud-init[[0;32m  OK  [0m[972]: ci-info: | enp0s3 |  True | fe80::be:82ff:fe6b:cc1d/64 |       .       |  link  | 02:be:82:6b:cc:1d |] Started Initial cloud-init job (metadata service crawler).
[
[   31.090436] [0;32m  OK  [0m] Reached target Cloud-config availability.cloud-init[972]: ci-info: | enp0s8 | False |             .              |       .       |   .    | 08:00:27:81:ea:85 |
[[0;32m  OK  [0m] Reached target Network is Online.
[   31.119493] 
         cloud-init[972]: ci-info: |   lo   |  True |         127.0.0.1          |   255.0.0.0   |  host  |         .         |Starting iSCSI initiator daemon (iscsid)...
[
[0;32m  OK  [0m] Reached target System Initialization.[   31.164421] cloud-init
[[0;32m  OK  [0m[972]: ] Listening on ACPID Listen Socket.ci-info: |   lo   |  True |          ::1/128           |       .       |  host  |         .         |
[[0;32m  OK  [0m] 
Listening on D-Bus System Message Bus Socket.
[   31.220837] cloud-init         Starting LXD - unix socket.[972]: 
[[0;32m  OK  [0mci-info: +--------+-------+----------------------------+---------------+--------+-------------------+] Started Daily Cleanup of Temporary Directories.

[[0;32m  OK  [0m[   31.271378] cloud-init[972]: ] Started Message of the Day.ci-info: +++++++++++++++++++++++++++Route IPv4 info++++++++++++++++++++++++++++
[
[   31.292074] [0;32m  OK  [0m] Started Daily apt download activities.cloud-init[972]: ci-info: +-------+-------------+----------+---------------+-----------+-------+
[[0;32m  OK  [0m] Started Ubuntu Advantage update messaging.
[   31.321587] cloud-init
         [972]: ci-info: | Route | Destination | Gateway  |    Genmask    | Interface | Flags |Starting Socket activation for snappy daemon.
[   31.340876] cloud-init[972]: 
[[0;32m  OK  [0m] Started Daily apt upgrade and clean activities.
ci-info: +-------+-------------+----------+---------------+-----------+-------+[
[   31.367227] [0;32m  OK  [0m] cloud-init[972]: ci-info: |   0   |   0.0.0.0   | 10.0.2.2 |    0.0.0.0    |   enp0s3  |   UG  |Reached target Timers.
[[0;32m  OK  [0m
[   31.390929] ] Listening on UUID daemon activation socket.cloud-init[972]: 
ci-info: |   1   |   10.0.2.0  | 0.0.0.0  | 255.255.255.0 |   enp0s3  |   U   |
[[0;32m  OK  [0m[   31.425091] ] Started ACPI Events Check.cloud-init[972]: 
[[0;32m  OK  [0mci-info: +-------+-------------+----------+---------------+-----------+-------+] Reached target Paths.
[   31.461743] cloud-init
[972]: [ci-info: +++++++++++++++++++Route IPv6 info+++++++++++++++++++[0;32m  OK  [0m
] Listening on LXD - unix socket.
[   31.529130] cloud-init[[0;32m  OK  [0m[972]: ] Listening on Socket activation for snappy daemon.
ci-info: +-------+-------------+---------+-----------+-------+[
[0;32m  OK  [0m] [   31.600025] Started iSCSI initiator daemon (iscsid).cloud-init
[972]: ci-info: | Route | Destination | Gateway | Interface | Flags |         
Starting Login to default iSCSI targets...[   31.683094] 
[[0;32m  OK  [0m] Reached target Sockets.cloud-init
[972]: ci-info: +-------+-------------+---------+-----------+-------+[[0;32m  OK  [0m] 
[   31.767340] Reached target Basic System.
cloud-init[972]:          ci-info: |   0   |  fe80::/64  |    ::   |   enp0s3  |   U   |Starting /etc/rc.local Compatibility...

[   31.834312]          cloud-init[972]: ci-info: |   4   |   ff00::/8  |    ::   |   enp0s3  |   U   |Starting Accounts Service...

[   31.920720] cloud-init[[0;32m  OK  [0m[972]: ] Started ACPI event daemon.
ci-info: +-------+-------------+---------+-----------+-------+         
Starting Login Service...
[[0;32m  OK  [0m] Started Deferred execution scheduler.
         Starting Virtualbox guest utils...
         Starting Pollinate to seed the pseudo random number generator...[   32.026436] cloud-init
[[0;32m  OK  [0m] Started Regular background program processing daemon.[972]: 
         Starting LXD - container startup/shutdown...
[[0;32m  OK  [0mGenerating public/private rsa key pair.] Started D-Bus System Message Bus.

[   32.248895] cloud-init[972]: Your identification has been saved in /etc/ssh/ssh_host_rsa_key.         Starting System Logging Service...
         Starting LSB: MD monitoring daemon...
[[0;32m  OK  [0m] Started FUSE filesystem for LXC.
         
[   32.406812] Starting Snap Daemon...
         Starting LSB: Record successful boot for GRUB...
[[0;32m  OK  [0m] Started /etc/rc.local Compatibility.
cloud-init[[0;32m  OK  [0m] Started Login Service.
[[0;32m  OK  [0m] Started Unattended Upgrades Shutdown.
[972]: Your public key has been saved in /etc/ssh/ssh_host_rsa_key.pub.[[0;32m  OK  [0m] Started System Logging Service.

[[0;32m  OK  [0m] Started Login to default iSCSI targets.
[[0;32m  OK  [0m[   32.834453] ] Reached target Remote File Systems (Pre).
[[0;32m  OK  [0m] Reached target Remote File Systems.cloud-init[972]: 
         Starting LSB: daemon to balance interrupts for SMP systems...
         Starting LSB: Set the CPU Frequency Scaling governor to "ondemand"...
         Starting LSB: automatic crash report generation...
         Starting Permit User Sessions...
         Starting Authenticate and Authorize Users to Run Privileged Tasks...
The key fingerprint is:[[0;32m  OK  [0m] Started Permit User Sessions.
         Starting Hold until boot process finishes up...
         Starting Terminate Plymouth Boot Screen...
[[0;32m  OK  [0m] Started Hold until boot process finishes up.

[[0;32m  OK  [0m] Started Terminate Plymouth Boot Screen.
[   33.197198]          Starting Set console scheme...
[[0;32m  OK  [0m] Started Getty on tty1.
[[0;32m  OK  [0mcloud-init[972]: ] Started Serial Getty on ttyS0.
[[0;32m  OK  [0m] Reached target Login Prompts.
[[0;32m  OK  [0m] Started Set console scheme.
SHA256:WfYF1IfmsYEvwKmOKiWwC0INir4LtD2PenJ0B039IOA root@ubuntu-xenial[[0;32m  OK  [0m] Started LSB: MD monitoring daemon.

[[   33.500726] cloud-init[0;32m  OK  [0m] Started Authenticate and Authorize Users to Run Privileged Tasks.
[[0;32m  OK  [0m] Started LSB: Record successful boot for GRUB.
[[0;32m  OK  [0m] Started LSB: Set the CPU Frequency Scaling governor to "ondemand".
[[972]: [0;32m  OK  [0m] Started Accounts Service.
The key's randomart image is:
[   33.718493] cloud-init[972]: [[0;32m  OK  [0m] Started LSB: daemon to balance interrupts for SMP systems.+---[RSA 2048]----+

[   33.973221] cloud-init[[972]: [0;32m  OK  [0m] Started LSB: automatic crash report generation.|     .. .. ooo . |

[   34.165095] cloud-init[[0;32m  OK  [0m] Started LXD - container startup/shutdown.
[972]: | .  .  o o+ ..* .|
[   34.245740] cloud-init[972]: |o o  Eo ..=. +.= |
[   34.339666] cloud-init[972]: |+. . . ..+ o..+  |
[   34.451145] cloud-init[972]: |o+    .oS   ..   |
[[0;32m  OK  [0m] Started Virtualbox guest utils.
[   34.547116] cloud-init[972]: |=.+......        |
[   34.636660] cloud-init[972]: |+oo=...          |
[   34.706422] cloud-init[972]: |oo.o=            |
[   34.794688] cloud-init[972]: | o*o .           |
[   34.845514] cloud-init[972]: +----[SHA256]-----+
[   34.934303] cloud-init[972]: Generating public/private dsa key pair.
[   35.019430] cloud-init[972]: Your identification has been saved in /etc/ssh/ssh_host_dsa_key.
[   35.128748] cloud-init[972]: Your public key has been saved in /etc/ssh/ssh_host_dsa_key.pub.
[[0;32m  OK  [0m] Started Pollinate to seed the pseudo random number generator.[   35.254064] 
         cloud-initStarting OpenBSD Secure Shell server...
[972]: The key fingerprint is:
[   35.356679] cloud-init[972]: SHA256:WTK3gRl2Oncgv/nCeXq6nFqfQTYoRFCsUS9XlQTpGXM root@ubuntu-xenial
[   35.460863] cloud-init[972]: The key's randomart image is:
[[0;32m  OK  [0m] Started OpenBSD Secure Shell server.[   35.525822] 
cloud-init[972]: +---[DSA 1024]----+
[   35.581531] cloud-init[972]: |      .=B o o=o. |
[   35.614198] cloud-init[972]: |      .o.X o+ E  |
[   35.652966] cloud-init[972]: |       oX O..=   |
[   35.686896] cloud-init[972]: |      .. @ Bo    |
[   35.720344] cloud-init[972]: |        S = +    |
[   35.755244] cloud-init[972]: |         o = .   |
[   35.787125] cloud-init[972]: |          = +    |
[   35.818475] cloud-init[972]: |         o *.o   |
[   35.844642] cloud-init[972]: |        ..*+o    |
[[0;32m  OK  [0m] [   35.875053] cloud-initStarted Snap Daemon.
         [972]: +----[SHA256]-----+Starting Wait until snapd is fully seeded...

[   36.012430] cloud-init[972]: Generating public/private ecdsa key pair.
[   36.085863] cloud-init[972]: Your identification has been saved in /etc/ssh/ssh_host_ecdsa_key.
[   36.160976] cloud-init[972]: Your public key has been saved in /etc/ssh/ssh_host_ecdsa_key.pub.
[   36.295177] cloud-init[972]: The key fingerprint is:
[   36.391818] cloud-init[972]: SHA256:n44iwfJpICjzNIBYrsuuYmdLzTDTvdnMLH3YqdcOG4s root@ubuntu-xenial
[   36.480655] cloud-init[972]: The key's randomart image is:
[   36.565327] cloud-init[972]: +---[ECDSA 256]---+
[[0;32m  OK  [0m] Created slice User Slice of vagrant.[   36.664656] cloud-init
         [972]: |                 |Starting User Manager for UID 1000...
[[0;32m  OK  [0m] Started Session 1 of user vagrant.

[   36.794666] cloud-init[[0;32m  OK  [0m[972]: ] Started User Manager for UID 1000.
|  .              |
[   36.889025] cloud-init[972]: |oo               |
[   36.942294] cloud-init[972]: |+ . . .          |
[   37.009460] cloud-init[972]: |.o = . .S        |
[   37.070071] cloud-init[972]: |* = O   O.o..    |
[   37.137838] cloud-init[972]: |o* * = + Bo*.    |
[   37.216028] cloud-init[972]: |oooo= . .o+.=.   |
[   37.320355] cloud-init[972]: |*.oo.. ..Eoo..   |
[   37.390299] cloud-init[972]: +----[SHA256]-----+
[   37.481464] cloud-init[972]: Generating public/private ed25519 key pair.
[   37.606300] cloud-init[972]: Your identification has been saved in /etc/ssh/ssh_host_ed25519_key.
[   37.677136] cloud-init[972]: Your public key has been saved in /etc/ssh/ssh_host_ed25519_key.pub.
[   37.747187] cloud-init[972]: The key fingerprint is:
[   37.814540] cloud-init[972]: SHA256:iy7RWzlc8W553JQmJ8+3axHYmC7/MXwdfRj1JTFP7gg root@ubuntu-xenial
[   37.890961] cloud-init[972]: The key's randomart image is:
[   37.972033] cloud-init[972]: +--[ED25519 256]--+
[   38.042188] cloud-init[972]: |              +.+|
[   38.107313] cloud-init[972]: |          .    Bo|
[   38.174857] cloud-init[972]: |           oE * =|
[   38.431236] cloud-init[972]: |          . .B @o|
[   38.820576] cloud-init[972]: |     . .So ..oX+=|
[   38.903376] cloud-init[972]: |    . ..=. .+.++*|
[   38.981555] cloud-init[972]: |     ..o.. .o. +*|
[   39.060670] cloud-init[972]: |    ...      . o+|
[   39.111192] cloud-init[972]: |     ..       oo.|
[   39.173562] cloud-init[972]: +----[SHA256]-----+

Ubuntu 16.04.7 LTS ubuntu-xenial ttyS0

ubuntu-xenial login: [   44.975885] cloud-init[1454]: Generating locales (this might take a while)...
[   50.486348] cloud-init[1454]:   en_US.UTF-8... done
[   50.539633] cloud-init[1454]: Generation complete.
[   51.813859] cloud-init[1454]: Cloud-init v. 21.1-19-gbad84ad4-0ubuntu1~16.04.2 running 'modules:config' at Sun, 09 Nov 2025 21:19:03 +0000. Up 44.28 seconds.
ci-info: no authorized SSH keys fingerprints found for user ubuntu.
<14>Nov  9 21:19:13 ec2: 
<14>Nov  9 21:19:13 ec2: #############################################################
<14>Nov  9 21:19:13 ec2: -----BEGIN SSH HOST KEY FINGERPRINTS-----
<14>Nov  9 21:19:13 ec2: 1024 SHA256:WTK3gRl2Oncgv/nCeXq6nFqfQTYoRFCsUS9XlQTpGXM root@ubuntu-xenial (DSA)
<14>Nov  9 21:19:13 ec2: 256 SHA256:n44iwfJpICjzNIBYrsuuYmdLzTDTvdnMLH3YqdcOG4s root@ubuntu-xenial (ECDSA)
<14>Nov  9 21:19:13 ec2: 256 SHA256:iy7RWzlc8W553JQmJ8+3axHYmC7/MXwdfRj1JTFP7gg root@ubuntu-xenial (ED25519)
<14>Nov  9 21:19:13 ec2: 2048 SHA256:WfYF1IfmsYEvwKmOKiWwC0INir4LtD2PenJ0B039IOA root@ubuntu-xenial (RSA)
<14>Nov  9 21:19:13 ec2: -----END SSH HOST KEY FINGERPRINTS-----
<14>Nov  9 21:19:13 ec2: #############################################################
-----BEGIN SSH HOST KEY KEYS-----
ecdsa-sha2-nistp256 AAAAE2VjZHNhLXNoYTItbmlzdHAyNTYAAAAIbmlzdHAyNTYAAABBBOEye6wI/NLSYuptCDuFyO8oFIeLIrBoBPtVp+Nc9HhEbwGX64ZtvR75rBm09zDi0q4Scl0Tu4TYblJjYyPGlXU= root@ubuntu-xenial
ssh-ed25519 AAAAC3NzaC1lZDI1NTE5AAAAIAE8aUPwopQfyu2kqBguhhIR2LsHAyx9Ku08n1IY8Yd/ root@ubuntu-xenial
ssh-rsa AAAAB3NzaC1yc2EAAAADAQABAAABAQC4ypX4hskjZjPFggK6/6KJFd0nQZ/Kik/GjkS5tpE6fJXY9nRHyuxpBnxWV+8g1I5s8lsk0BamoWVBuq3wYqFsCFrRdG6+fiLjBkNMN6ZCnB1f/Jm18T/myR8edJjd+UGMLbovSnC8KB14PBLig8m/xjgHGaEN+jHX6158+Qcgc6cBocg8/e7qa8ge4NPAKtYs94jT0CEmkP8uuP8+9DDS+Z8AJaC7WuLf7O/e6TgBdSxlLGULNja89H6H/upFn6WoHcg9YwJlJpwJHS0uM7kAfhiBnvcdn64czlxoKozwnhttOmxOeClkiF1iNXiEv/2LqXltU8JkSIFa7fTCpil3 root@ubuntu-xenial
-----END SSH HOST KEY KEYS-----
[   54.208227] cloud-init[1630]: Cloud-init v. 21.1-19-gbad84ad4-0ubuntu1~16.04.2 running 'modules:final' at Sun, 09 Nov 2025 21:19:13 +0000. Up 53.48 seconds.
[   54.253522] cloud-init[1630]: ci-info: no authorized SSH keys fingerprints found for user ubuntu.
[   54.312569] cloud-init[1630]: Cloud-init v. 21.1-19-gbad84ad4-0ubuntu1~16.04.2 finished at Sun, 09 Nov 2025 21:19:13 +0000. Datasource DataSourceNoCloud [seed=/dev/sdb][dsmode=net].  Up 54.18 seconds
