[    0.000000] Initializing cgroup subsys cpuset
[    0.000000] Initializing cgroup subsys cpu
[    0.000000] Initializing cgroup subsys cpuacct
[    0.000000] Linux version 4.4.0-210-generic (buildd@lgw01-amd64-009) (gcc version 5.4.0 20160609 (Ubuntu 5.4.0-6ubuntu1~16.04.12) ) #242-Ubuntu SMP Fri Apr 16 09:57:56 UTC 2021 (Ubuntu 4.4.0-210.242-generic 4.4.262)
[    0.000000] Command line: BOOT_IMAGE=/boot/vmlinuz-4.4.0-210-generic root=LABEL=cloudimg-rootfs ro console=tty1 console=ttyS0
[    0.000000] KERNEL supported cpus:
[    0.000000]   Intel GenuineIntel
[    0.000000]   AMD AuthenticAMD
[    0.000000]   Centaur CentaurHauls
[    0.000000] x86/fpu: Legacy x87 FPU detected.
[    0.000000] e820: BIOS-provided physical RAM map:
[    0.000000] BIOS-e820: [mem 0x0000000000000000-0x000000000009fbff] usable
[    0.000000] BIOS-e820: [mem 0x000000000009fc00-0x000000000009ffff] reserved
[    0.000000] BIOS-e820: [mem 0x00000000000f0000-0x00000000000fffff] reserved
[    0.000000] BIOS-e820: [mem 0x0000000000100000-0x000000003ffeffff] usable
[    0.000000] BIOS-e820: [mem 0x000000003fff0000-0x000000003fffffff] ACPI data
[    0.000000] BIOS-e820: [mem 0x00000000fec00000-0x00000000fec00fff] reserved
[    0.000000] BIOS-e820: [mem 0x00000000fee00000-0x00000000fee00fff] reserved
[    0.000000] BIOS-e820: [mem 0x00000000fffc0000-0x00000000ffffffff] reserved
[    0.000000] NX (Execute Disable) protection: active
[    0.000000] SMBIOS 2.5 present.
[    0.000000] Hypervisor detected: KVM
[    0.000000] Kernel/User page tables isolation: disabled
[    0.000000] e820: last_pfn = 0x3fff0 max_arch_pfn = 0x400000000
[    0.000000] MTRR: Disabled
[    0.000000] x86/PAT: MTRRs disabled, skipping PAT initialization too.
[    0.000000] CPU MTRRs all blank - virtualized system.
[    0.000000] x86/PAT: Configuration [0-7]: WB  WT  UC- UC  WB  WT  UC- UC  
[    0.000000] found SMP MP-table at [mem 0x0009fff0-0x0009ffff] mapped at [ffff88000009fff0]
[    0.000000] Scanning 1 areas for low memory corruption
[    0.000000] RAMDISK: [mem 0x362dc000-0x37165fff]
[    0.000000] ACPI: Early table checksum verification disabled
[    0.000000] ACPI: RSDP 0x00000000000E0000 000024 (v02 VBOX  )
[    0.000000] ACPI: XSDT 0x000000003FFF0030 00003C (v01 VBOX   VBOXXSDT 00000001 ASL  00000061)
[    0.000000] ACPI: FACP 0x000000003FFF00F0 0000F4 (v04 VBOX   VBOXFACP 00000001 ASL  00000061)
[    0.000000] ACPI: DSDT 0x000000003FFF0610 002353 (v02 VBOX   VBOXBIOS 00000002 INTL 20100528)
[    0.000000] ACPI: FACS 0x000000003FFF0200 000040
[    0.000000] ACPI: FACS 0x000000003FFF0200 000040
[    0.000000] ACPI: APIC 0x000000003FFF0240 000054 (v02 VBOX   VBOXAPIC 00000001 ASL  00000061)
[    0.000000] ACPI: SSDT 0x000000003FFF02A0 00036C (v01 VBOX   VBOXCPUT 00000002 INTL 20100528)
[    0.000000] No NUMA configuration found
[    0.000000] Faking a node at [mem 0x0000000000000000-0x000000003ffeffff]
[    0.000000] NODE_DATA(0) allocated [mem 0x3ffeb000-0x3ffeffff]
[    0.000000] kvm-clock: Using msrs 4b564d01 and 4b564d00
[    0.000000] kvm-clock: cpu 0, msr 0:3ffe3001, primary cpu clock
[    0.000000] kvm-clock: using sched offset of 4630900355 cycles
[    0.000000] clocksource: kvm-clock: mask: 0xffffffffffffffff max_cycles: 0x1cd42e4dffb, max_idle_ns: 881590591483 ns
[    0.000000] Zone ranges:
[    0.000000]   DMA      [mem 0x0000000000001000-0x0000000000ffffff]
[    0.000000]   DMA32    [mem 0x0000000001000000-0x000000003ffeffff]
[    0.000000]   Normal   empty
[    0.000000]   Device   empty
[    0.000000] Movable zone start for each node
[    0.000000] Early memory node ranges
[    0.000000]   node   0: [mem 0x0000000000001000-0x000000000009efff]
[    0.000000]   node   0: [mem 0x0000000000100000-0x000000003ffeffff]
[    0.000000] Initmem setup node 0 [mem 0x0000000000001000-0x000000003ffeffff]
[    0.000000] ACPI: PM-Timer IO Port: 0x4008
[    0.000000] IOAPIC[0]: apic_id 1, version 32, address 0xfec00000, GSI 0-23
[    0.000000] ACPI: INT_SRC_OVR (bus 0 bus_irq 0 global_irq 2 dfl dfl)
[    0.000000] ACPI: INT_SRC_OVR (bus 0 bus_irq 9 global_irq 9 low level)
[    0.000000] Using ACPI (MADT) for SMP configuration information
[    0.000000] smpboot: Allowing 1 CPUs, 0 hotplug CPUs
[    0.000000] PM: Registered nosave memory: [mem 0x00000000-0x00000fff]
[    0.000000] PM: Registered nosave memory: [mem 0x0009f000-0x0009ffff]
[    0.000000] PM: Registered nosave memory: [mem 0x000a0000-0x000effff]
[    0.000000] PM: Registered nosave memory: [mem 0x000f0000-0x000fffff]
[    0.000000] e820: [mem 0x40000000-0xfebfffff] available for PCI devices
[    0.000000] Booting paravirtualized kernel on KVM
[    0.000000] clocksource: refined-jiffies: mask: 0xffffffff max_cycles: 0xffffffff, max_idle_ns: 7645519600211568 ns
[    0.000000] setup_percpu: NR_CPUS:512 nr_cpumask_bits:512 nr_cpu_ids:1 nr_node_ids:1
[    0.000000] PERCPU: Embedded 33 pages/cpu @ffff88003fc00000 s95192 r8192 d31784 u2097152
[    0.000000] Built 1 zonelists in Node order, mobility grouping on.  Total pages: 257912
[    0.000000] Policy zone: DMA32
[    0.000000] Kernel command line: BOOT_IMAGE=/boot/vmlinuz-4.4.0-210-generic root=LABEL=cloudimg-rootfs ro console=tty1 console=ttyS0
[    0.000000] PID hash table entries: 4096 (order: 3, 32768 bytes)
[    0.000000] Memory: 997924K/1048120K available (8644K kernel code, 1332K rwdata, 4044K rodata, 1492K init, 1164K bss, 50196K reserved, 0K cma-reserved)
[    0.000000] SLUB: HWalign=64, Order=0-3, MinObjects=0, CPUs=1, Nodes=1
[    0.000000] Hierarchical RCU implementation.
[    0.000000] 	Build-time adjustment of leaf fanout to 64.
[    0.000000] 	RCU restricting CPUs from NR_CPUS=512 to nr_cpu_ids=1.
[    0.000000] RCU: Adjusting geometry for rcu_fanout_leaf=64, nr_cpu_ids=1
[    0.000000] NR_IRQS:33024 nr_irqs:256 16
[    0.000000] Console: colour VGA+ 80x25
[    0.000000] console [tty1] enabled
[    0.000000] console [ttyS0] enabled
[    0.000000] tsc: Detected 1094.400 MHz processor
[    1.092649] Calibrating delay loop (skipped) preset value.. 2188.80 BogoMIPS (lpj=4377600)
[    1.118055] pid_max: default: 32768 minimum: 301
[    1.131716] ACPI: Core revision 20150930
[    1.146326] ACPI: 2 ACPI AML tables successfully acquired and loaded
[    1.166196] Security Framework initialized
[    1.177066] Yama: becoming mindful.
[    1.184139] AppArmor: AppArmor initialized
[    1.198271] Dentry cache hash table entries: 131072 (order: 8, 1048576 bytes)
[    1.225178] Inode-cache hash table entries: 65536 (order: 7, 524288 bytes)
[    1.251940] Mount-cache hash table entries: 2048 (order: 2, 16384 bytes)
[    1.274954] Mountpoint-cache hash table entries: 2048 (order: 2, 16384 bytes)
[    1.301079] Initializing cgroup subsys io
[    1.315478] Initializing cgroup subsys memory
[    1.331737] Initializing cgroup subsys devices
[    1.347093] Initializing cgroup subsys freezer
[    1.365683] Initializing cgroup subsys net_cls
[    1.376619] Initializing cgroup subsys perf_event
[    1.392684] Initializing cgroup subsys net_prio
[    1.407778] Initializing cgroup subsys hugetlb
[    1.421643] Initializing cgroup subsys pids
[    1.441808] mce: CPU supports 0 MCE banks
[    1.450752] Last level iTLB entries: 4KB 0, 2MB 0, 4MB 0
[    1.466605] Last level dTLB entries: 4KB 0, 2MB 0, 4MB 0, 1GB 0
[    1.484584] Spectre V1 : Mitigation: usercopy/swapgs barriers and __user pointer sanitization
[    1.510210] Spectre V2 : Mitigation: Enhanced IBRS
[    1.525262] Spectre V2 : Spectre v2 / SpectreRSB mitigation: Filling RSB on context switch
[    1.547395] Speculative Store Bypass: Vulnerable
[    2.118954] Freeing SMP alternatives memory: 36K
[    2.379805] ftrace: allocating 32380 entries in 127 pages
[    4.052348] smpboot: APIC(0) Converting physical 0 to logical package 0
[    4.072915] smpboot: Max logical packages: 1
[    4.115890] ..TIMER: vector=0x30 apic1=0 pin1=2 apic2=-1 pin2=-1
[    4.238014] smpboot: CPU0: Intel(R) Celeron(R) N4120 CPU @ 1.10GHz (family: 0x6, model: 0x7a, stepping: 0x8)
[    4.260216] Performance Events: unsupported p6 CPU model 122 no PMU driver, software events only.
[    4.530625] KVM setup paravirtual spinlock
[    4.541254] x86: Booted up 1 node, 1 CPUs
[    4.550491] smpboot: Total of 1 processors activated (2188.80 BogoMIPS)
[    4.567497] devtmpfs: initialized
[    4.581437] evm: security.selinux
[    4.588368] evm: security.SMACK64
[    4.595922] evm: security.SMACK64EXEC
[    4.603519] evm: security.SMACK64TRANSMUTE
[    4.611682] evm: security.SMACK64MMAP
[    4.619774] evm: security.ima
[    4.627852] evm: security.capability
[    4.635612] clocksource: jiffies: mask: 0xffffffff max_cycles: 0xffffffff, max_idle_ns: 7645041785100000 ns
[    4.654819] futex hash table entries: 256 (order: 2, 16384 bytes)
[    4.668424] pinctrl core: initialized pinctrl subsystem
[    4.679977] RTC time:  2:19:39, date: 11/11/25
[    4.691428] NET: Registered protocol family 16
[    4.701345] cpuidle: using governor ladder
[    4.711010] cpuidle: using governor menu
[    4.719146] PCCT header not found.
[    4.727619] ACPI: bus type PCI registered
[    4.739219] acpiphp: ACPI Hot Plug PCI Controller Driver version: 0.5
[    4.755047] PCI: Using configuration type 1 for base access
[    4.775591] ACPI: Added _OSI(Module Device)
[    4.784203] ACPI: Added _OSI(Processor Device)
[    4.794073] ACPI: Added _OSI(3.0 _SCP Extensions)
[    4.804411] ACPI: Added _OSI(Processor Aggregator Device)
[    4.818421] ACPI: Executed 1 blocks of module-level executable AML code
[    4.840558] ACPI: Interpreter enabled
[    4.849590] ACPI: (supports S0 S5)
[    4.855670] ACPI: Using IOAPIC for interrupt routing
[    4.866832] PCI: Using host bridge windows from ACPI; if necessary, use "pci=nocrs" and report a bug
[    4.899267] ACPI: PCI Root Bridge [PCI0] (domain 0000 [bus 00-ff])
[    4.910804] acpi PNP0A03:00: _OSC: OS supports [ASPM ClockPM Segments MSI]
[    4.923851] acpi PNP0A03:00: _OSC: not requesting OS control; OS requires [ExtendedConfig ASPM ClockPM MSI]
[    4.944446] acpi PNP0A03:00: fail to add MMCONFIG information, can't access extended PCI configuration space under this bridge.
[    4.966502] PCI host bridge to bus 0000:00
[    4.974924] pci_bus 0000:00: root bus resource [io  0x0000-0x0cf7 window]
[    4.987765] pci_bus 0000:00: root bus resource [io  0x0d00-0xffff window]
[    5.001935] pci_bus 0000:00: root bus resource [mem 0x000a0000-0x000bffff window]
[    5.017151] pci_bus 0000:00: root bus resource [mem 0x40000000-0xfdffffff window]
[    5.031202] pci_bus 0000:00: root bus resource [bus 00-ff]
[    5.055126] pci 0000:00:01.1: legacy IDE quirk: reg 0x10: [io  0x01f0-0x01f7]
[    5.069994] pci 0000:00:01.1: legacy IDE quirk: reg 0x14: [io  0x03f6]
[    5.083250] pci 0000:00:01.1: legacy IDE quirk: reg 0x18: [io  0x0170-0x0177]
[    5.097039] pci 0000:00:01.1: legacy IDE quirk: reg 0x1c: [io  0x0376]
[    5.153458] pci 0000:00:07.0: quirk: [io  0x4000-0x403f] claimed by PIIX4 ACPI
[    5.166697] pci 0000:00:07.0: quirk: [io  0x4100-0x410f] claimed by PIIX4 SMB
[    5.204064] ACPI: PCI Interrupt Link [LNKA] (IRQs 5 9 10 *11)
[    5.220521] ACPI: PCI Interrupt Link [LNKB] (IRQs 5 9 *10 11)
[    5.235373] ACPI: PCI Interrupt Link [LNKC] (IRQs 5 *9 10 11)
[    5.252316] ACPI: PCI Interrupt Link [LNKD] (IRQs 5 9 10 *11)
[    5.269476] ACPI: Enabled 2 GPEs in block 00 to 07
[    5.283009] vgaarb: setting as boot device: PCI:0000:00:02.0
[    5.295731] vgaarb: device added: PCI:0000:00:02.0,decodes=io+mem,owns=io+mem,locks=none
[    5.351776] vgaarb: loaded
[    5.357409] vgaarb: bridge control possible 0000:00:02.0
[    5.368283] SCSI subsystem initialized
[    5.377238] ACPI: bus type USB registered
[    5.386050] usbcore: registered new interface driver usbfs
[    5.398089] usbcore: registered new interface driver hub
[    5.407712] usbcore: registered new device driver usb
[    5.419623] PCI: Using ACPI for IRQ routing
[    5.429551] NetLabel: Initializing
[    5.436202] NetLabel:  domain hash size = 128
[    5.445706] NetLabel:  protocols = UNLABELED CIPSOv4
[    5.459006] NetLabel:  unlabeled traffic allowed by default
[    5.471381] amd_nb: Cannot enumerate AMD northbridges
[    5.481422] clocksource: Switched to clocksource kvm-clock
[    5.555599] AppArmor: AppArmor Filesystem Enabled
[    5.565930] pnp: PnP ACPI init
[    5.578472] pnp: PnP ACPI: found 3 devices
[    5.598924] clocksource: acpi_pm: mask: 0xffffff max_cycles: 0xffffff, max_idle_ns: 2085701024 ns
[    5.615681] NET: Registered protocol family 2
[    5.625138] TCP established hash table entries: 8192 (order: 4, 65536 bytes)
[    5.640490] TCP bind hash table entries: 8192 (order: 5, 131072 bytes)
[    5.655704] TCP: Hash tables configured (established 8192 bind 8192)
[    5.669842] UDP hash table entries: 512 (order: 2, 16384 bytes)
[    5.682653] UDP-Lite hash table entries: 512 (order: 2, 16384 bytes)
[    5.697087] NET: Registered protocol family 1
[    5.705746] pci 0000:00:00.0: Limiting direct PCI/PCI transfers
[    5.719288] pci 0000:00:01.0: Activating ISA DMA hang workarounds
[    5.731595] Unpacking initramfs...
[    6.499537] Freeing initrd memory: 14888K
[    6.509806] clocksource: tsc: mask: 0xffffffffffffffff max_cycles: 0xfc66f4fc7c, max_idle_ns: 440795224246 ns
[    6.528863] platform rtc_cmos: registered platform RTC device (no PNP device found)
[    6.544184] Scanning for low memory corruption every 60 seconds
[    6.556964] audit: initializing netlink subsys (disabled)
[    6.569187] audit: type=2000 audit(1762827583.725:1): initialized
[    6.581216] Initialise system trusted keyring
[    6.592281] HugeTLB registered 2 MB page size, pre-allocated 0 pages
[    6.608590] zbud: loaded
[    6.616331] VFS: Disk quotas dquot_6.6.0
[    6.624115] VFS: Dquot-cache hash table entries: 512 (order 0, 4096 bytes)
[    6.639876] squashfs: version 4.0 (2009/01/31) Phillip Lougher
[    6.652171] fuse init (API version 7.23)
[    6.661506] Key type big_key registered
[    6.668956] Allocating IMA MOK and blacklist keyrings.
[    6.683527] Key type asymmetric registered
[    6.691143] Asymmetric key parser 'x509' registered
[    6.703456] Block layer SCSI generic (bsg) driver version 0.4 loaded (major 249)
[    6.717536] io scheduler noop registered
[    6.726718] io scheduler deadline registered (default)
[    6.735829] io scheduler cfq registered
[    6.744404] pci_hotplug: PCI Hot Plug PCI Core version: 0.5
[    6.754589] pciehp: PCI Express Hot Plug Controller Driver version: 0.4
[    6.768442] ACPI: AC Adapter [AC] (on-line)
[    6.776817] input: Power Button as /devices/LNXSYSTM:00/LNXPWRBN:00/input/input0
[    6.792218] ACPI: Power Button [PWRF]
[    6.799551] input: Sleep Button as /devices/LNXSYSTM:00/LNXSLPBN:00/input/input1
[    6.813752] ACPI: Sleep Button [SLPF]
[    6.824513] ACPI: Battery Slot [BAT0] (battery present)
[    6.834548] GHES: HEST is not enabled!
[    6.841589] Serial: 8250/16550 driver, 32 ports, IRQ sharing enabled
[    6.898216] 00:02: ttyS0 at I/O 0x3f8 (irq = 4, base_baud = 115200) is a 16550A
[    6.917075] Linux agpgart interface v0.103
[    6.936233] loop: module loaded
[    6.949097] scsi host0: ata_piix
[    6.956625] scsi host1: ata_piix
[    6.964461] ata1: PATA max UDMA/33 cmd 0x1f0 ctl 0x3f6 bmdma 0xd000 irq 14
[    6.978472] ata2: PATA max UDMA/33 cmd 0x170 ctl 0x376 bmdma 0xd008 irq 15
[    6.996348] libphy: Fixed MDIO Bus: probed
[    7.005032] tun: Universal TUN/TAP device driver, 1.6
[    7.018948] tun: (C) 1999-2004 Max Krasnyansky <maxk@qualcomm.com>
[    7.032324] PPP generic driver version 2.4.2
[    7.044204] ehci_hcd: USB 2.0 'Enhanced' Host Controller (EHCI) Driver
[    7.056505] ehci-pci: EHCI PCI platform driver
[    7.067399] ehci-platform: EHCI generic platform driver
[    7.078158] ohci_hcd: USB 1.1 'Open' Host Controller (OHCI) Driver
[    7.093045] ohci-pci: OHCI PCI platform driver
[    7.103940] ohci-platform: OHCI generic platform driver
[    7.114576] uhci_hcd: USB Universal Host Controller Interface driver
[    7.128294] i8042: PNP: PS/2 Controller [PNP0303:PS2K,PNP0f03:PS2M] at 0x60,0x64 irq 1,12
[    7.240308] serio: i8042 KBD port at 0x60,0x64 irq 1
[    7.249760] serio: i8042 AUX port at 0x60,0x64 irq 12
[    7.260733] mousedev: PS/2 mouse device common for all mice
[    7.275225] input: AT Translated Set 2 keyboard as /devices/platform/i8042/serio0/input/input2
[    7.295791] rtc_cmos rtc_cmos: rtc core: registered rtc_cmos as rtc0
[    7.310077] rtc_cmos rtc_cmos: alarms up to one day, 114 bytes nvram
[    7.322888] i2c /dev entries driver
[    7.332481] device-mapper: uevent: version 1.0.3
[    7.341390] device-mapper: ioctl: 4.34.0-ioctl (2015-10-28) initialised: dm-devel@redhat.com
[    7.358980] ledtrig-cpu: registered to indicate activity on CPUs
[    7.373206] NET: Registered protocol family 10
[    7.384434] NET: Registered protocol family 17
[    7.394389] Key type dns_resolver registered
[    7.403948] registered taskstats version 1
[    7.411956] Loading compiled-in X.509 certificates
[    7.423801] Loaded X.509 cert 'Build time autogenerated kernel key: cf00e047681d67edb2720680708b7d9498083038'
[    7.442516] zswap: loaded using pool lzo/zbud
[    7.458187] Key type trusted registered
[    7.478070] Key type encrypted registered
[    7.487091] AppArmor: AppArmor sha1 policy hashing enabled
[    7.497790] ima: No TPM chip found, activating TPM-bypass!
[    7.510418] ima: Allocated hash algorithm: sha1
[    7.518797] evm: HMAC attrs: 0x1
[    7.527108]   Magic number: 1:338:308
[    7.536237] tty tty37: hash matches
[    7.544327] rtc_cmos rtc_cmos: setting system clock to 2025-11-11 02:19:42 UTC (1762827582)
[    7.560477] BIOS EDD facility v0.16 2004-Jun-25, 0 devices found
[    7.571541] EDD information not available.
[    7.586006] Freeing unused kernel memory: 1492K
[    7.595333] Write protecting the kernel read-only data: 14336k
[    7.608031] Freeing unused kernel memory: 1584K
[    7.618020] Freeing unused kernel memory: 52K
Loading, please wait...
starting version 229
[    7.673101] random: udevadm: uninitialized urandom read (16 bytes read, 11 bits of entropy available)
[    7.690750] random: systemd-udevd: uninitialized urandom read (16 bytes read, 11 bits of entropy available)
[    7.711203] random: systemd-udevd: uninitialized urandom read (16 bytes read, 11 bits of entropy available)
[    7.729939] random: udevadm: uninitialized urandom read (16 bytes read, 11 bits of entropy available)
[    7.755430] random: systemd-udevd: uninitialized urandom read (16 bytes read, 11 bits of entropy available)
[    7.786570] random: systemd-udevd: uninitialized urandom read (16 bytes read, 11 bits of entropy available)
[    7.815414] random: udevadm: uninitialized urandom read (16 bytes read, 11 bits of entropy available)
[    7.833130] random: systemd-udevd: uninitialized urandom read (16 bytes read, 11 bits of entropy available)
[    7.851850] random: udevadm: uninitialized urandom read (16 bytes read, 11 bits of entropy available)
[    7.869982] random: systemd-udevd: uninitialized urandom read (16 bytes read, 11 bits of entropy available)
[    8.116889] Fusion MPT base driver 3.04.20
[    8.124930] Copyright (c) 1999-2008 LSI Corporation
[    8.210758] e1000: Intel(R) PRO/1000 Network Driver - version 7.3.21-k8-NAPI
[    8.224822] e1000: Copyright (c) 1999-2006 Intel Corporation.
[    8.296452] SSE version of gcm_enc/dec engaged.
[    8.339316] Fusion MPT SPI Host driver 3.04.20
[    8.551918] input: ImExPS/2 Generic Explorer Mouse as /devices/platform/i8042/serio1/input/input4
[    9.429801] e1000 0000:00:03.0 eth0: (PCI:33MHz:32-bit) 02:be:82:6b:cc:1d
[    9.441360] e1000 0000:00:03.0 eth0: Intel(R) PRO/1000 Network Connection
[    9.457149] mptbase: ioc0: Initiating bringup
[    9.546406] ioc0: LSI53C1030 A0: Capabilities={Initiator}
[    9.749724] scsi host2: ioc0: LSI53C1030 A0, FwRev=00000000h, Ports=1, MaxQ=256, IRQ=20
[    9.883422] scsi 2:0:0:0: Direct-Access     VBOX     HARDDISK         1.0  PQ: 0 ANSI: 5
[    9.899245] scsi target2:0:0: Beginning Domain Validation
[    9.924383] scsi target2:0:0: Domain Validation skipping write tests
[    9.937592] scsi target2:0:0: Ending Domain Validation
[    9.978513] scsi target2:0:0: asynchronous
[   10.042089] scsi 2:0:1:0: Direct-Access     VBOX     HARDDISK         1.0  PQ: 0 ANSI: 5
[   10.071722] scsi target2:0:1: Beginning Domain Validation
[   10.223568] scsi target2:0:1: Domain Validation skipping write tests
[   10.235408] scsi target2:0:1: Ending Domain Validation
[   10.272637] scsi target2:0:1: asynchronous
[   10.546078] sd 2:0:0:0: Attached scsi generic sg0 type 0
[   10.556319] sd 2:0:0:0: [sda] 83886080 512-byte logical blocks: (42.9 GB/40.0 GiB)
[   10.588356] sd 2:0:1:0: [sdb] 20480 512-byte logical blocks: (10.5 MB/10.0 MiB)
[   10.602522] sd 2:0:1:0: Attached scsi generic sg1 type 0
[   10.630219] sd 2:0:0:0: [sda] Write Protect is off
[   10.640441] sd 2:0:1:0: [sdb] Write Protect is off
[   10.666853] sd 2:0:0:0: [sda] Incomplete mode parameter data
[   10.678277] sd 2:0:0:0: [sda] Assuming drive cache: write through
[   10.691241] sd 2:0:1:0: [sdb] Incomplete mode parameter data
[   10.703130] sd 2:0:1:0: [sdb] Assuming drive cache: write through
[   10.754923]  sda: sda1
[   10.786519] sd 2:0:0:0: [sda] Attached SCSI disk
[   10.798733] sd 2:0:1:0: [sdb] Attached SCSI disk
[   11.295985] e1000 0000:00:08.0 eth1: (PCI:33MHz:32-bit) 08:00:27:8a:0b:be
[   11.309175] e1000 0000:00:08.0 eth1: Intel(R) PRO/1000 Network Connection
[   11.330268] e1000 0000:00:08.0 enp0s8: renamed from eth1
[   11.346305] e1000 0000:00:03.0 enp0s3: renamed from eth0
Begin: Loading essential drivers ... [   13.481208] md: linear personality registered for level -1
[   13.500595] md: multipath personality registered for level -4
[   13.520532] md: raid0 personality registered for level 0
[   13.555476] md: raid1 personality registered for level 1
[   13.653493] raid6: sse2x1   gen()  4996 MB/s
[   13.746123] raid6: sse2x1   xor()  3643 MB/s
[   13.839810] raid6: sse2x2   gen()  6289 MB/s
[   13.913557] raid6: sse2x2   xor()  3288 MB/s
[   14.005685] raid6: sse2x4   gen()  7126 MB/s
[   14.089571] raid6: sse2x4   xor()  2303 MB/s
[   14.099662] raid6: using algorithm sse2x4 gen() 7126 MB/s
[   14.109240] raid6: .... xor() 2303 MB/s, rmw enabled
[   14.119377] raid6: using ssse3x2 recovery algorithm
[   14.133867] xor: measuring software checksum speed
[   14.243848]    prefetch64-sse: 23224.000 MB/sec
[   14.357841]    generic_sse: 20987.000 MB/sec
[   14.369641] xor: using function: prefetch64-sse (23224.000 MB/sec)
[   14.384893] async_tx: api initialized (async)
[   14.471004] md: raid6 personality registered for level 6
[   14.480368] md: raid5 personality registered for level 5
[   14.489524] md: raid4 personality registered for level 4
[   14.537220] md: raid10 personality registered for level 10
done.
Begin: Running /scripts/init-premount ... done.
Begin: Mounting root file system ... Begin: Running /scripts/local-top ... done.
Begin: Running /scripts/local-premount ... [   14.766228] Btrfs loaded
Scanning for Btrfs filesystems
done.
Warning: fsck not present, so skipping root file system
[   14.885634] EXT4-fs (sda1): mounted filesystem with ordered data mode. Opts: (null)
done.
Begin: Running /scripts/local-bottom ... done.
Begin: Running /scripts/init-bottom ... done.
[   15.220340] systemd[1]: systemd 229 running in system mode. (+PAM +AUDIT +SELINUX +IMA +APPARMOR +SMACK +SYSVINIT +UTMP +LIBCRYPTSETUP +GCRYPT +GNUTLS +ACL +XZ -LZ4 +SECCOMP +BLKID +ELFUTILS +KMOD -IDN)
[   15.251319] systemd[1]: Detected virtualization oracle.
[   15.262679] systemd[1]: Detected architecture x86-64.

Welcome to [1mUbuntu 16.04.7 LTS[0m!

[   15.295065] systemd[1]: Set hostname to <ubuntu>.
[   15.316494] systemd[1]: Initializing machine ID from random generator.
[   15.330495] systemd[1]: Installed transient /etc/machine-id file.
[   15.593326] random: nonblocking pool is initialized
[   15.796064] systemd[1]: Created slice User and Session Slice.
[[0;32m  OK  [0m] Created slice User and Session Slice.
[   15.820279] systemd[1]: Listening on LVM2 metadata daemon socket.
[[0;32m  OK  [0m] Listening on LVM2 metadata daemon socket.
[   15.844708] systemd[1]: Listening on Journal Socket (/dev/log).
[[0;32m  OK  [0m] Listening on Journal Socket (/dev/log).
[   15.868661] systemd[1]: Listening on Device-mapper event daemon FIFOs.
[[0;32m  OK  [0m] Listening on Device-mapper event daemon FIFOs.
[   15.894465] systemd[1]: Listening on udev Control Socket.
[[0;32m  OK  [0m] Listening on udev Control Socket.
[   15.917962] systemd[1]: Listening on Journal Socket.
[[0;32m  OK  [0m] Listening on Journal Socket.
[   15.939424] systemd[1]: Listening on /dev/initctl Compatibility Named Pipe.
[[0;32m  OK  [0m] Listening on /dev/initctl Compatibility Named Pipe.
[   15.965257] systemd[1]: Listening on udev Kernel Socket.
[[0;32m  OK  [0m] Listening on udev Kernel Socket.
[   15.988204] systemd[1]: Reached target System Time Synchronized.
[[0;32m  OK  [0m] Reached target System Time Synchronized.
[   16.015146] systemd[1]: Listening on Journal Audit Socket.
[[0;32m  OK  [0m] Listening on Journal Audit Socket.
[   16.038836] systemd[1]: Set up automount Arbitrary Executable File Formats File System Automount Point.
[[0;32m  OK  [0m] Set up automount Arbitrary Executab...ats File System Automount Point.
[   16.070840] systemd[1]: Started Forward Password Requests to Wall Directory Watch.
[[0;32m  OK  [0m] Started Forward Password Requests to Wall Directory Watch.
[   16.099272] systemd[1]: Created slice System Slice.
[[0;32m  OK  [0m] Created slice System Slice.
[   16.123804] systemd[1]: Starting Set console keymap...
         Starting Set console keymap...
[   16.182427] systemd[1]: Starting Load Kernel Modules...
         Starting Load Kernel Modules...
[   16.227494] systemd[1]: Starting Monitoring of LVM2 mirrors, snapshots etc. using dmeventd or progress polling...
         Starting Monitoring of LVM2 mirrors... dmeventd or progress polling...
[   16.299772] systemd[1]: Mounting Huge Pages File System...
         Mounting Huge Pages File System...
[   16.354897] systemd[1]: Starting Nameserver information manager...
         Starting Nameserver information manager...
[   16.407404] systemd[1]: Mounting Debug File System...
         Mounting Debug File System...
[   16.448462] systemd[1]: Starting Create list of required static device nodes for the current kernel...
[   16.478145] Loading iSCSI transport class v2.0-870.
         Starting Create list of required st... nodes for the current kernel...
[   16.520450] systemd[1]: Mounting POSIX Message Queue File System...
         Mounting POSIX Message Queue File System...
[   16.573758] systemd[1]: Reached target Slices.
[[0;32m  OK  [0m] Reached target Slices.[   16.617403] iscsi: registered transport (tcp)

[   16.627982] systemd[1]: Listening on LVM2 poll daemon socket.
[[0;32m  OK  [0m] Listening on LVM2 poll daemon socket.
[   16.682567] systemd[1]: Reached target User and Group Name Lookups.
[[0;32m  OK  [0m] Reached target User and Group Name Lookups.
[   16.724816] systemd[1]: Listening on Syslog Socket.
[[0;32m  OK  [0m] Listening on Syslog Socket.
[   16.768536] systemd[1]: Starting Journal Service...
         Starting Journal Service...
[   16.809062] systemd[1]: Listening on fsck to fsckd communication Socket.
[[0;32m  OK  [0m] Listening on fsck to fsckd communication Socket.
[   16.863998] systemd[1]: Starting File System Check on Root Device...
         Starting File System Check on Root Device...
[   16.914521] systemd[1]: Created slice system-serial\x2dgetty.slice.
[   16.928828] iscsi: registered transport (iser)
[[0;32m  OK  [0m] Created slice system-serial\x2dgetty.slice.
[   16.964222] systemd[1]: Started Trigger resolvconf update for networkd DNS.
[[0;32m  OK  [0m] Started Trigger resolvconf update for networkd DNS.
[   17.013800] systemd[1]: Reached target Swap.
[[0;32m  OK  [0m] Reached target Swap.
[   17.044522] systemd[1]: Starting Uncomplicated firewall...
         Starting Uncomplicated firewall...
[   17.075507] systemd[1]: Reached target Encrypted Volumes.
[[0;32m  OK  [0m] Reached target Encrypted Volumes.
[   17.102427] systemd[1]: Mounted Huge Pages File System.
[[0;32m  OK  [0m] Mounted Huge Pages File System.
[   17.130080] systemd[1]: Mounted POSIX Message Queue File System.
[[0;32m  OK  [0m] Mounted POSIX Message Queue File System.
[   17.154041] systemd[1]: Mounted Debug File System.
[[0;32m  OK  [0m] Mounted Debug File System.
[   17.176014] systemd[1]: Started Journal Service.
[[0;32m  OK  [0m] Started Journal Service.
[[0;32m  OK  [0m] Started Set console keymap.
[[0;32m  OK  [0m] Started Load Kernel Modules.
[[0;32m  OK  [0m] Started Create list of required sta...ce nodes for the current kernel.
[[0;32m  OK  [0m] Started File System Check on Root Device.
[[0;32m  OK  [0m] Started Uncomplicated firewall.
[[0;32m  OK  [0m] Started Nameserver information manager.
[[0;32m  OK  [0m] Started File System Check Daemon to report status.
[[0;32m  OK  [0m] Started LVM2 metadata daemon.
         Starting Remount Root and Kernel File Systems...
         Starting Create Static Device Nodes in /dev...
[   17.485041] EXT4-fs (sda1): re-mounted. Opts: (null)
         Mounting FUSE Control File System...
         Starting Apply Kernel Variables...
[[0;32m  OK  [0m] Mounted FUSE Control File System.
[[0;32m  OK  [0m] Started Remount Root and Kernel File Systems.
[[0;32m  OK  [0m] Started Create Static Device Nodes in /dev.
[[0;32m  OK  [0m] Started Apply Kernel Variables.
         Starting udev Kernel Device Manager...
         Starting udev Coldplug all Devices...
         Starting Load/Save Random Seed...
         Starting Flush Journal to Persistent Storage...
[[0;32m  OK  [0m] Started Load/Save Random Seed.
[[0;32m  OK  [0m] Started udev Kernel Device Manager.
[[0;32m  OK  [0m] Started Monitoring of LVM2 mirrors,...ng dmeventd or progress polling.
[[0;32m  OK  [0m] Reached target Local File Systems (Pre).
[[0;32m  OK  [0m] Reached target Local File Systems.
         Starting Commit a transient machine-id on disk...
         Starting Set console font and keymap...
         Starting Tell Plymouth To Write Out Runtime Data...
         Starting LSB: AppArmor initialization...
         Starting Initial cloud-init job (pre-networking)...
[[0;32m  OK  [0m] Started Flush Journal to Persistent Storage.
[[0;32m  OK  [0m] Started Commit a transient machine-id on disk.
[[0;32m  OK  [0m] Started Tell Plymouth To Write Out Runtime Data.
         Starting Create Volatile Files and Directories...
[[0;32m  OK  [0m] Started Create Volatile Files and Directories.
         Starting Update UTMP about System Boot/Shutdown...
[[0;32m  OK  [0m] Started Update UTMP about System Boot/Shutdown.
[[0;32m  OK  [0m] Started udev Coldplug all Devices.
[[0;32m  OK  [0m] Started Dispatch Password Requests to Console Directory Watch.
[[0;32m  OK  [0m] Found device /dev/ttyS0.
[[0;32m  OK  [0m] Listening on Load/Save RF Kill Switch Status /dev/rfkill Watch.
[[0;32m  OK  [0m[   22.426097] cloud-init] Started Set console font and keymap.[500]: Cloud-init v. 21.1-19-gbad84ad4-0ubuntu1~16.04.2 running 'init-local' at Tue, 11 Nov 2025 02:19:58 +0000. Up 20.34 seconds.
[[0;32m  OK  [0m] Started LSB: AppArmor initialization.
         
Starting Load AppArmor profiles managed internally by snapd...
[[0;32m  OK  [0m] Created slice system-getty.slice.
[[0;32m  OK  [0m] Started Initial cloud-init job (pre-networking).
[[0;32m  OK  [0m] Started Load AppArmor profiles managed internally by snapd.
[[0;32m  OK  [0m] Reached target Network (Pre).
         Starting Raise network interfaces...
[[0;32m  OK  [0m] Started Raise network interfaces.
[[0;32m  OK  [0m] Reached target Network.
         Starting Initial cloud-init job (metadata service crawler)...
[   26.599111] cloud-init[965]: Cloud-init v. 21.1-19-gbad84ad4-0ubuntu1~16.04.2 running 'init' at Tue, 11 Nov 2025 02:20:03 +0000. Up 25.28 seconds.
[   26.636596] cloud-init[965]: ci-info: ++++++++++++++++++++++++++++++++++++++Net device info+++++++++++++++++++++++++++++++++++++++
[   26.684779] cloud-init[965]: ci-info: +--------+-------+----------------------------+---------------+--------+-------------------+
[   26.726295] cloud-init[965]: ci-info: | Device |   Up  |          Address           |      Mask     | Scope  |     Hw-Address    |
[   26.756960] cloud-init[965]: ci-info: +--------+-------+----------------------------+---------------+--------+-------------------+
[   26.798339] cloud-init[965]: ci-info: | enp0s3 |  True |         10.0.2.15          | 255.255.255.0 | global | 02:be:82:6b:cc:1d |[[0;32m  OK  [0m
[   26.823231] ] Started Initial cloud-init job (metadata service crawler).cloud-init[965]: ci-info: | enp0s3 |  True | fe80::be:82ff:fe6b:cc1d/64 |       .       |  link  | 02:be:82:6b:cc:1d |
[[0;32m  OK  [0m] 
[   26.851043] Reached target System Initialization.
cloud-init[965]: [[0;32m  OK  [0mci-info: | enp0s8 | False |             .              |       .       |   .    | 08:00:27:8a:0b:be |] Started Ubuntu Advantage update messaging.
[   26.876186] 
         cloud-init[965]: Starting Socket activation for snappy daemon.ci-info: |   lo   |  True |         127.0.0.1          |   255.0.0.0   |  host  |         .         |

         Starting LXD - unix socket.[   26.905238] cloud-init
[965]: ci-info: |   lo   |  True |          ::1/128           |       .       |  host  |         .         |[[0;32m  OK  [0m] Started Daily Cleanup of Temporary Directories.
[   26.928938] cloud-init[965]: 
ci-info: +--------+-------+----------------------------+---------------+--------+-------------------+
[[0;32m  OK  [0m] [   26.949718] cloud-initStarted ACPI Events Check.
[965]: ci-info: +++++++++++++++++++++++++++Route IPv4 info++++++++++++++++++++++++++++[[0;32m  OK  [0m] Reached target Paths.
[   26.971269] 
[cloud-init[965]: ci-info: +-------+-------------+----------+---------------+-----------+-------+[0;32m  OK  [0m] Started Message of the Day.
[   26.991064] 
[[0;32m  OK  [0mcloud-init[965]: ] Listening on ACPID Listen Socket.ci-info: | Route | Destination | Gateway  |    Genmask    | Interface | Flags |
[
[   27.015158] [0;32m  OK  [0m] cloud-init[965]: ci-info: +-------+-------------+----------+---------------+-----------+-------+Listening on UUID daemon activation socket.
[
[   27.035138] [0;32m  OK  [0m] Started Daily apt download activities.cloud-init[965]: 
[ci-info: |   0   |   0.0.0.0   | 10.0.2.2 |    0.0.0.0    |   enp0s3  |   UG  |[0;32m  OK  [0m
[   27.058301] cloud-init] Started Daily apt upgrade and clean activities.[965]: ci-info: |   1   |   10.0.2.0  | 0.0.0.0  | 255.255.255.0 |   enp0s3  |   U   |
[[0;32m  OK  [0m
[   27.078814] ] Reached target Timers.
cloud-init[965]: [[0;32m  OK  [0m] ci-info: +-------+-------------+----------+---------------+-----------+-------+Listening on D-Bus System Message Bus Socket.
[   27.103248] 
[[0;32m  OK  [0mcloud-init[965]: ] Reached target Cloud-config availability.ci-info: +++++++++++++++++++Route IPv6 info+++++++++++++++++++
[   27.123269] 
[[0;32m  OK  [0mcloud-init[965]: ] Reached target Network is Online.ci-info: +-------+-------------+---------+-----------+-------+
         
[   27.147090] cloud-initStarting iSCSI initiator daemon (iscsid)...
[965]: [[0;32m  OK  [0mci-info: | Route | Destination | Gateway | Interface | Flags |] Listening on Socket activation for snappy daemon.
[
[0;32m  OK  [0m] Listening on LXD - unix socket.
[   27.198083] [[0;32m  OK  [0m] cloud-initReached target Sockets.
[965]: ci-info: +-------+-------------+---------+-----------+-------+[[0;32m  OK  [0m] 
[   27.231733] Reached target Basic System.
cloud-init[965]:          ci-info: |   0   |  fe80::/64  |    ::   |   enp0s3  |   U   |
Starting LSB: MD monitoring daemon...
         Starting Login Service...[   27.274258] cloud-init
         Starting Virtualbox guest utils...
[965]: [[0;32m  OK  [0m] Started FUSE filesystem for LXC.
ci-info: |   3   |   ff00::/8  |    ::   |   enp0s3  |   U   |[[0;32m  OK  [0m] Started D-Bus System Message Bus.

[   27.393231] cloud-init[965]: ci-info: +-------+-------------+---------+-----------+-------+
[   27.419937] cloud-init[965]: Generating public/private rsa key pair.
[   27.455212] cloud-init[965]: Your identification has been saved in /etc/ssh/ssh_host_rsa_key.
[   27.500738] cloud-init[[0;32m  OK  [0m] [965]: Your public key has been saved in /etc/ssh/ssh_host_rsa_key.pub.Started Regular background program processing daemon.
         
[   27.535484] Starting LXD - container startup/shutdown...
cloud-init[965]:          Starting Snap Daemon...
The key fingerprint is:         Starting Pollinate to seed the pseudo random number generator...

         Starting Accounts Service...
         Starting System Logging Service...
         Starting LSB: Record successful boot for GRUB...
         Starting /etc/rc.local Compatibility...
[[0;32m  OK  [0m] Started ACPI event daemon.
[[0;32m  OK  [0m[   27.655622] ] Started Deferred execution scheduler.
[[0;32m  OK  [0m] Started /etc/rc.local Compatibility.
[[0;32m  OK  [0m] Started iSCSI initiator daemon (iscsid).
cloud-init[965]: SHA256:Q9m3SMfRr03+aAcHEFA9ZmWcTSXajVs9jkafDGoFKmQ root@ubuntu-xenial         Starting Login to default iSCSI targets...
[[0;32m  OK  [0m] Started Login Service.
[[0;32m  OK  [0m] Started Unattended Upgrades Shutdown.

[[0;32m  OK  [0m] Started System Logging Service.
[[0;32m  OK  [0m] Started Login to default iSCSI targets.
[[0;32m  OK  [0m[   28.139978] cloud-init] Started LSB: Record successful boot for GRUB.
[[0;32m  OK  [0m] Reached target Remote File Systems (Pre).
[[0;32m  OK  [0m] Reached target Remote File Systems.
         [965]: Starting LSB: automatic crash report generation...
         Starting Permit User Sessions...
         Starting LSB: Set the CPU Frequency Scaling governor to "ondemand"...
         Starting LSB: daemon to balance interrupts for SMP systems...
[The key's randomart image is:[0;32m  OK  [0m] Started LSB: MD monitoring daemon.
[[0;32m  OK  [0m] Started Permit User Sessions.

         Starting Authenticate and Authorize Users to Run Privileged Tasks...
         Starting Terminate Plymouth Boot Screen...
         Starting Hold until boot process finishes up...
[[   28.513798] cloud-init[0;32m  OK  [0m] Started Terminate Plymouth Boot Screen.
[[0;32m  OK  [0m] Started Hold until boot process finishes up.
         Starting Set console scheme...
[[0;32m  OK  [0m] Started Serial Getty on ttyS0.
[965]: [[0;32m  OK  [0m] Started Getty on tty1.
+---[RSA 2048]----+
[[0;32m  OK  [0m] Reached target Login Prompts.
[[0;32m  OK  [0m] Started Set console scheme.
[   28.728726] cloud-init[965]: |       E  .+++.+O|
[[0;32m  OK  [0m] Started LSB: Set the CPU Frequency Scaling governor to "ondemand".
[[0;32m  OK  [0m] Started Authenticate and Authorize Users to Run Privileged Tasks.[   28.863539] cloud-init
[[0;32m  OK  [0m] Started Accounts Service.
[965]: |      o  o..o+**+|[[0;32m  OK  [0m] Started LSB: daemon to balance interrupts for SMP systems.

[   29.040613] cloud-init[965]: |       .o.o =Bo++|
[   29.204629] cloud-init[[0;32m  OK  [0m] Started LXD - container startup/shutdown.
[[0;32m  OK  [0m] Started LSB: automatic crash report generation.[965]: 
|       ... ++.Bo=|
[   29.303058] cloud-init[965]: |        S .o.o.@ |
[   29.367154] cloud-init[965]: |         .. . o +|
[[0;32m  OK  [0m[   29.477529] ] Started Virtualbox guest utils.cloud-init[965]: 
|               +.|
[   29.578915] cloud-init[965]: |              o o|
[   29.671499] cloud-init[965]: |             . . |
[   29.752818] cloud-init[965]: +----[SHA256]-----+
[   29.829763] cloud-init[965]: Generating public/private dsa key pair.
[   29.896127] cloud-init[965]: Your identification has been saved in /etc/ssh/ssh_host_dsa_key.
[   30.008693] cloud-init[965]: Your public key has been saved in /etc/ssh/ssh_host_dsa_key.pub.
[   30.104879] cloud-init[965]: The key fingerprint is:
[[0;32m  OK  [0m] [   30.163065] cloud-initStarted Pollinate to seed the pseudo random number generator.
[965]: SHA256:nJ66eye40/b5hXZCxKsqYDGz+pnMEJphSrE4Yv9mbVQ root@ubuntu-xenial         Starting OpenBSD Secure Shell server...

[   30.281639] cloud-init[965]: The key's randomart image is:
[   30.401294] cloud-init[965]: +---[DSA 1024]----+
[[0;32m  OK  [0m] [   30.477695] Started OpenBSD Secure Shell server.
cloud-init[965]: |                 |
[   30.551506] cloud-init[965]: |           .     |
[   30.593572] cloud-init[965]: | .          o    |
[   30.623517] cloud-init[965]: |. o +  . E . .   |
[   30.656238] cloud-init[965]: |==.  =  S   o    |
[   30.684415] cloud-init[965]: |*=..+  o . o .   |
[   30.708814] cloud-init[965]: |+ .+ .ooo . + o  |
[[0;32m  OK  [0m] Started Snap Daemon.
         [   30.770073] Starting Wait until snapd is fully seeded...
cloud-init[965]: |  .+.=++=..o +   |
[   30.835601] cloud-init[965]: |   .O.*O.+o..    |
[   30.907226] cloud-init[965]: +----[SHA256]-----+
[   30.980566] cloud-init[965]: Generating public/private ecdsa key pair.
[   31.044572] cloud-init[965]: Your identification has been saved in /etc/ssh/ssh_host_ecdsa_key.
[[0;32m  OK  [0m[   31.122028] ] Created slice User Slice of vagrant.
cloud-init[965]:          Your public key has been saved in /etc/ssh/ssh_host_ecdsa_key.pub.Starting User Manager for UID 1000...

[[0;32m  OK  [0m] Started Session 1 of user vagrant.
[   31.272221] cloud-init[965]: [[0;32m  OK  [0m] Started User Manager for UID 1000.
The key fingerprint is:
[   31.369225] cloud-init[965]: SHA256:g38Vo8LXS10xSAjJcYMrVkhF8VZguRWqDla1cndYrfg root@ubuntu-xenial
[   31.472748] cloud-init[965]: The key's randomart image is:
[   31.569874] cloud-init[965]: +---[ECDSA 256]---+
[   31.632650] cloud-init[965]: |      ..=***=+o+.|
[   31.703691] cloud-init[965]: |       . ==o=oo +|
[   31.745643] cloud-init[965]: |        .o.*=+ o.|
[   31.812532] cloud-init[965]: |       =..=+o+o. |
[   31.878524] cloud-init[965]: |      ooS.o +..  |
[   31.945777] cloud-init[965]: |      ..o+ o .E  |
[   32.005098] cloud-init[965]: |        ... .    |
[   32.069895] cloud-init[965]: |         .       |
[   32.153636] cloud-init[965]: |                 |
[   32.236590] cloud-init[965]: +----[SHA256]-----+
[   32.296739] cloud-init[965]: Generating public/private ed25519 key pair.
[   32.352585] cloud-init[965]: Your identification has been saved in /etc/ssh/ssh_host_ed25519_key.
[   32.423230] cloud-init[965]: Your public key has been saved in /etc/ssh/ssh_host_ed25519_key.pub.
[   32.490783] cloud-init[965]: The key fingerprint is:
[   32.577030] cloud-init[965]: SHA256:DIzla53MiSsAxDNI8m9wtnuS3AIe54uy/jRSNTu+snA root@ubuntu-xenial
[   32.645725] cloud-init[965]: The key's randomart image is:
[   32.697078] cloud-init[965]: +--[ED25519 256]--+
[   32.754312] cloud-init[965]: |=o    .          |
[   32.816600] cloud-init[965]: |+=   =           |
[   32.885298] cloud-init[965]: |. = +o+          |
[   32.946716] cloud-init[965]: | . =..oO o       |
[   33.020586] cloud-init[965]: |  +.=o+ S        |
[   33.073036] cloud-init[965]: | ..O.=..         |
[   33.126055] cloud-init[965]: | o.EO.+          |
[   33.197144] cloud-init[965]: |. =o.*.          |
[   33.273404] cloud-init[965]: |o+oo+.           |
[   33.330755] cloud-init[965]: +----[SHA256]-----+

Ubuntu 16.04.7 LTS ubuntu-xenial ttyS0

ubuntu-xenial login: [   39.079548] cloud-init[1443]: Generating locales (this might take a while)...
[   43.424443] cloud-init[1443]:   en_US.UTF-8... done
[   43.449255] cloud-init[1443]: Generation complete.
[   44.462139] cloud-init[1443]: Cloud-init v. 21.1-19-gbad84ad4-0ubuntu1~16.04.2 running 'modules:config' at Tue, 11 Nov 2025 02:20:17 +0000. Up 38.50 seconds.
ci-info: no authorized SSH keys fingerprints found for user ubuntu.
<14>Nov 11 02:20:24 ec2: 
<14>Nov 11 02:20:24 ec2: #############################################################
<14>Nov 11 02:20:24 ec2: -----BEGIN SSH HOST KEY FINGERPRINTS-----
<14>Nov 11 02:20:24 ec2: 1024 SHA256:nJ66eye40/b5hXZCxKsqYDGz+pnMEJphSrE4Yv9mbVQ root@ubuntu-xenial (DSA)
<14>Nov 11 02:20:24 ec2: 256 SHA256:g38Vo8LXS10xSAjJcYMrVkhF8VZguRWqDla1cndYrfg root@ubuntu-xenial (ECDSA)
<14>Nov 11 02:20:24 ec2: 256 SHA256:DIzla53MiSsAxDNI8m9wtnuS3AIe54uy/jRSNTu+snA root@ubuntu-xenial (ED25519)
<14>Nov 11 02:20:24 ec2: 2048 SHA256:Q9m3SMfRr03+aAcHEFA9ZmWcTSXajVs9jkafDGoFKmQ root@ubuntu-xenial (RSA)
<14>Nov 11 02:20:24 ec2: -----END SSH HOST KEY FINGERPRINTS-----
<14>Nov 11 02:20:24 ec2: #############################################################
-----BEGIN SSH HOST KEY KEYS-----
ecdsa-sha2-nistp256 AAAAE2VjZHNhLXNoYTItbmlzdHAyNTYAAAAIbmlzdHAyNTYAAABBBDYH2JNnfDoDzEEAkByg7cvuigDGKf8PzJ978VX0eGydpRFLkTMgm+MPIXmYeuo0gJU8XGc9UgoPKKPdSGoVrHc= root@ubuntu-xenial
ssh-ed25519 AAAAC3NzaC1lZDI1NTE5AAAAIAKbtTU848aVlvdYCpjKUuOJnrRhuXIMfqMbl4gOsjeb root@ubuntu-xenial
ssh-rsa AAAAB3NzaC1yc2EAAAADAQABAAABAQDPNnWzwH1gmUrSvU2mkFm5vM7gq7iXQq//7pYNCyLJLSY0f9vNrMAEB7b9CeEPSzaHLpL1ca7D0FMsblr8+k0Xs9agC8Q9jntOKpHw0g3Q9YcniN5m1gEcpmctDdhFg90rxLU6rdNW5V2Jbp6DobEi1prnanwv/vkgaWAypYWRABNTy3i4ps5d7Fk9PVwdvk/Rex6TAhRk8xcVtiWqEGcaCsGgHOr3doU8BE9DQuzr/hjA26HVLVPUG/8LvS3heRv3CWNU60G372L2eNhVHsnbBgBy+Q9Y4sjmJZjaUrJfvLjrzZe3Jr+y9VNU8yFonWRVeChGx6U7nHqmTKGCpmvd root@ubuntu-xenial
-----END SSH HOST KEY KEYS-----
[   46.478142] cloud-init[1614]: Cloud-init v. 21.1-19-gbad84ad4-0ubuntu1~16.04.2 running 'modules:final' at Tue, 11 Nov 2025 02:20:24 +0000. Up 45.92 seconds.
[   46.513140] cloud-init[1614]: ci-info: no authorized SSH keys fingerprints found for user ubuntu.
[   46.535583] cloud-init[1614]: Cloud-init v. 21.1-19-gbad84ad4-0ubuntu1~16.04.2 finished at Tue, 11 Nov 2025 02:20:25 +0000. Datasource DataSourceNoCloud [seed=/dev/sdb][dsmode=net].  Up 46.46 seconds
